Archive member included to satisfy reference by file (symbol)

/opt/stm32_toolchain/AtollicTrueStudio/ARMTools/bin/../lib/gcc/arm-atollic-eabi/6.3.1/../../../../arm-atollic-eabi/lib/armv7e-m/fpu/libc_nano.a(lib_a-errno.o)
                              Src/syscalls.o (__errno)
/opt/stm32_toolchain/AtollicTrueStudio/ARMTools/bin/../lib/gcc/arm-atollic-eabi/6.3.1/../../../../arm-atollic-eabi/lib/armv7e-m/fpu/libc_nano.a(lib_a-impure.o)
                              /opt/stm32_toolchain/AtollicTrueStudio/ARMTools/bin/../lib/gcc/arm-atollic-eabi/6.3.1/../../../../arm-atollic-eabi/lib/armv7e-m/fpu/libc_nano.a(lib_a-errno.o) (_impure_ptr)
/opt/stm32_toolchain/AtollicTrueStudio/ARMTools/bin/../lib/gcc/arm-atollic-eabi/6.3.1/../../../../arm-atollic-eabi/lib/armv7e-m/fpu/libc_nano.a(lib_a-init.o)
                              startup/startup_stm32f429xx.o (__libc_init_array)
/opt/stm32_toolchain/AtollicTrueStudio/ARMTools/bin/../lib/gcc/arm-atollic-eabi/6.3.1/../../../../arm-atollic-eabi/lib/armv7e-m/fpu/libc_nano.a(lib_a-memset.o)
                              Src/main.o (memset)
/opt/stm32_toolchain/AtollicTrueStudio/ARMTools/bin/../lib/gcc/arm-atollic-eabi/6.3.1/armv7e-m/fpu/libgcc.a(_aeabi_uldivmod.o)
                              Drivers/STM32F4xx_HAL_Driver/Src/stm32f4xx_hal_rcc.o (__aeabi_uldivmod)
/opt/stm32_toolchain/AtollicTrueStudio/ARMTools/bin/../lib/gcc/arm-atollic-eabi/6.3.1/armv7e-m/fpu/libgcc.a(_udivmoddi4.o)
                              /opt/stm32_toolchain/AtollicTrueStudio/ARMTools/bin/../lib/gcc/arm-atollic-eabi/6.3.1/armv7e-m/fpu/libgcc.a(_aeabi_uldivmod.o) (__udivmoddi4)
/opt/stm32_toolchain/AtollicTrueStudio/ARMTools/bin/../lib/gcc/arm-atollic-eabi/6.3.1/armv7e-m/fpu/libgcc.a(_dvmd_tls.o)
                              /opt/stm32_toolchain/AtollicTrueStudio/ARMTools/bin/../lib/gcc/arm-atollic-eabi/6.3.1/armv7e-m/fpu/libgcc.a(_aeabi_uldivmod.o) (__aeabi_ldiv0)

Allocating common symbols
Common symbol       size              file

uwTick              0x4               Drivers/STM32F4xx_HAL_Driver/Src/stm32f4xx_hal.o
pFlash              0x20              Drivers/STM32F4xx_HAL_Driver/Src/stm32f4xx_hal_flash.o
htim3               0x40              Src/main.o

Discarded input sections

 .text          0x0000000000000000        0x0 /opt/stm32_toolchain/AtollicTrueStudio/ARMTools/bin/../lib/gcc/arm-atollic-eabi/6.3.1/armv7e-m/fpu/crti.o
 .data          0x0000000000000000        0x0 /opt/stm32_toolchain/AtollicTrueStudio/ARMTools/bin/../lib/gcc/arm-atollic-eabi/6.3.1/armv7e-m/fpu/crti.o
 .bss           0x0000000000000000        0x0 /opt/stm32_toolchain/AtollicTrueStudio/ARMTools/bin/../lib/gcc/arm-atollic-eabi/6.3.1/armv7e-m/fpu/crti.o
 .data          0x0000000000000000        0x4 /opt/stm32_toolchain/AtollicTrueStudio/ARMTools/bin/../lib/gcc/arm-atollic-eabi/6.3.1/armv7e-m/fpu/crtbegin.o
 .text          0x0000000000000000        0x0 Drivers/STM32F4xx_HAL_Driver/Src/stm32f4xx_hal.o
 .data          0x0000000000000000        0x0 Drivers/STM32F4xx_HAL_Driver/Src/stm32f4xx_hal.o
 .bss           0x0000000000000000        0x0 Drivers/STM32F4xx_HAL_Driver/Src/stm32f4xx_hal.o
 .text.HAL_DeInit
                0x0000000000000000       0x58 Drivers/STM32F4xx_HAL_Driver/Src/stm32f4xx_hal.o
 .text.HAL_MspInit
                0x0000000000000000        0xe Drivers/STM32F4xx_HAL_Driver/Src/stm32f4xx_hal.o
 .text.HAL_MspDeInit
                0x0000000000000000        0xe Drivers/STM32F4xx_HAL_Driver/Src/stm32f4xx_hal.o
 .text.HAL_GetTickPrio
                0x0000000000000000       0x18 Drivers/STM32F4xx_HAL_Driver/Src/stm32f4xx_hal.o
 .text.HAL_SetTickFreq
                0x0000000000000000       0x40 Drivers/STM32F4xx_HAL_Driver/Src/stm32f4xx_hal.o
 .text.HAL_GetTickFreq
                0x0000000000000000       0x18 Drivers/STM32F4xx_HAL_Driver/Src/stm32f4xx_hal.o
 .text.HAL_Delay
                0x0000000000000000       0x44 Drivers/STM32F4xx_HAL_Driver/Src/stm32f4xx_hal.o
 .text.HAL_SuspendTick
                0x0000000000000000       0x20 Drivers/STM32F4xx_HAL_Driver/Src/stm32f4xx_hal.o
 .text.HAL_ResumeTick
                0x0000000000000000       0x20 Drivers/STM32F4xx_HAL_Driver/Src/stm32f4xx_hal.o
 .text.HAL_GetHalVersion
                0x0000000000000000       0x14 Drivers/STM32F4xx_HAL_Driver/Src/stm32f4xx_hal.o
 .text.HAL_GetREVID
                0x0000000000000000       0x18 Drivers/STM32F4xx_HAL_Driver/Src/stm32f4xx_hal.o
 .text.HAL_GetDEVID
                0x0000000000000000       0x1c Drivers/STM32F4xx_HAL_Driver/Src/stm32f4xx_hal.o
 .text.HAL_DBGMCU_EnableDBGSleepMode
                0x0000000000000000       0x20 Drivers/STM32F4xx_HAL_Driver/Src/stm32f4xx_hal.o
 .text.HAL_DBGMCU_DisableDBGSleepMode
                0x0000000000000000       0x20 Drivers/STM32F4xx_HAL_Driver/Src/stm32f4xx_hal.o
 .text.HAL_DBGMCU_EnableDBGStopMode
                0x0000000000000000       0x20 Drivers/STM32F4xx_HAL_Driver/Src/stm32f4xx_hal.o
 .text.HAL_DBGMCU_DisableDBGStopMode
[...]
Memory Configuration

Name             Origin             Length             Attributes
RAM              0x0000000020000000 0x0000000000030000 xrw
CCMRAM           0x0000000010000000 0x0000000000010000 rw
FLASH            0x0000000008000000 0x0000000000200000 xr
*default*        0x0000000000000000 0xffffffffffffffff

Linker script and memory map

LOAD /opt/stm32_toolchain/AtollicTrueStudio/ARMTools/bin/../lib/gcc/arm-atollic-eabi/6.3.1/armv7e-m/fpu/crti.o
LOAD /opt/stm32_toolchain/AtollicTrueStudio/ARMTools/bin/../lib/gcc/arm-atollic-eabi/6.3.1/armv7e-m/fpu/crtbegin.o
LOAD Drivers/STM32F4xx_HAL_Driver/Src/stm32f4xx_hal.o
LOAD Drivers/STM32F4xx_HAL_Driver/Src/stm32f4xx_hal_cortex.o
LOAD Drivers/STM32F4xx_HAL_Driver/Src/stm32f4xx_hal_dma.o
LOAD Drivers/STM32F4xx_HAL_Driver/Src/stm32f4xx_hal_dma_ex.o
LOAD Drivers/STM32F4xx_HAL_Driver/Src/stm32f4xx_hal_exti.o
LOAD Drivers/STM32F4xx_HAL_Driver/Src/stm32f4xx_hal_flash.o
LOAD Drivers/STM32F4xx_HAL_Driver/Src/stm32f4xx_hal_flash_ex.o
LOAD Drivers/STM32F4xx_HAL_Driver/Src/stm32f4xx_hal_flash_ramfunc.o
LOAD Drivers/STM32F4xx_HAL_Driver/Src/stm32f4xx_hal_gpio.o
LOAD Drivers/STM32F4xx_HAL_Driver/Src/stm32f4xx_hal_pwr.o
LOAD Drivers/STM32F4xx_HAL_Driver/Src/stm32f4xx_hal_pwr_ex.o
LOAD Drivers/STM32F4xx_HAL_Driver/Src/stm32f4xx_hal_rcc.o
LOAD Drivers/STM32F4xx_HAL_Driver/Src/stm32f4xx_hal_rcc_ex.o
LOAD Drivers/STM32F4xx_HAL_Driver/Src/stm32f4xx_hal_tim.o
LOAD Drivers/STM32F4xx_HAL_Driver/Src/stm32f4xx_hal_tim_ex.o
LOAD Src/main.o
LOAD Src/stm32f4xx_hal_msp.o
LOAD Src/stm32f4xx_it.o
LOAD Src/syscalls.o
LOAD Src/system_stm32f4xx.o
LOAD startup/startup_stm32f429xx.o
                0x0000000000000080                malloc_getpagesize_P = 0x80
START GROUP
LOAD /opt/stm32_toolchain/AtollicTrueStudio/ARMTools/bin/../lib/gcc/arm-atollic-eabi/6.3.1/../../../../arm-atollic-eabi/lib/armv7e-m/fpu/libc_nano.a
LOAD /opt/stm32_toolchain/AtollicTrueStudio/ARMTools/bin/../lib/gcc/arm-atollic-eabi/6.3.1/../../../../arm-atollic-eabi/lib/armv7e-m/fpu/libm.a
END GROUP
START GROUP
LOAD /opt/stm32_toolchain/AtollicTrueStudio/ARMTools/bin/../lib/gcc/arm-atollic-eabi/6.3.1/armv7e-m/fpu/libgcc.a
LOAD /opt/stm32_toolchain/AtollicTrueStudio/ARMTools/bin/../lib/gcc/arm-atollic-eabi/6.3.1/../../../../arm-atollic-eabi/lib/armv7e-m/fpu/libc_nano.a
END GROUP
START GROUP
LOAD /opt/stm32_toolchain/AtollicTrueStudio/ARMTools/bin/../lib/gcc/arm-atollic-eabi/6.3.1/armv7e-m/fpu/libgcc.a
LOAD /opt/stm32_toolchain/AtollicTrueStudio/ARMTools/bin/../lib/gcc/arm-atollic-eabi/6.3.1/../../../../arm-atollic-eabi/lib/armv7e-m/fpu/libc_nano.a
LOAD /opt/stm32_toolchain/AtollicTrueStudio/ARMTools/bin/../lib/gcc/arm-atollic-eabi/6.3.1/../../../../arm-atollic-eabi/lib/armv7e-m/fpu/libnosys.a
END GROUP
START GROUP
LOAD /opt/stm32_toolchain/AtollicTrueStudio/ARMTools/bin/../lib/gcc/arm-atollic-eabi/6.3.1/armv7e-m/fpu/libgcc.a
LOAD /opt/stm32_toolchain/AtollicTrueStudio/ARMTools/bin/../lib/gcc/arm-atollic-eabi/6.3.1/../../../../arm-atollic-eabi/lib/armv7e-m/fpu/libc_nano.a
LOAD /opt/stm32_toolchain/AtollicTrueStudio/ARMTools/bin/../lib/gcc/arm-atollic-eabi/6.3.1/../../../../arm-atollic-eabi/lib/armv7e-m/fpu/libnosys.a
END GROUP
LOAD /opt/stm32_toolchain/AtollicTrueStudio/ARMTools/bin/../lib/gcc/arm-atollic-eabi/6.3.1/armv7e-m/fpu/crtend.o
LOAD /opt/stm32_toolchain/AtollicTrueStudio/ARMTools/bin/../lib/gcc/arm-atollic-eabi/6.3.1/armv7e-m/fpu/crtn.o
                0x0000000020030000                _estack = 0x20030000
                0x0000000000000200                _Min_Heap_Size = 0x200
                0x0000000000000400                _Min_Stack_Size = 0x400

.isr_vector     0x0000000008000000      0x1ac
                0x0000000008000000                . = ALIGN (0x4)
 *(.isr_vector)
 .isr_vector    0x0000000008000000      0x1ac startup/startup_stm32f429xx.o
                0x0000000008000000                g_pfnVectors
                0x00000000080001ac                . = ALIGN (0x4)

.text           0x00000000080001ac     0x20c0
                0x00000000080001ac                . = ALIGN (0x4)
 *(.text)
 .text          0x00000000080001ac       0x40 /opt/stm32_toolchain/AtollicTrueStudio/ARMTools/bin/../lib/gcc/arm-atollic-eabi/6.3.1/armv7e-m/fpu/crtbegin.o
 .text          0x00000000080001ec       0x30 /opt/stm32_toolchain/AtollicTrueStudio/ARMTools/bin/../lib/gcc/arm-atollic-eabi/6.3.1/armv7e-m/fpu/libgcc.a(_aeabi_uldivmod.o)
                0x00000000080001ec                __aeabi_uldivmod
 .text          0x000000000800021c      0x2dc /opt/stm32_toolchain/AtollicTrueStudio/ARMTools/bin/../lib/gcc/arm-atollic-eabi/6.3.1/armv7e-m/fpu/libgcc.a(_udivmoddi4.o)
                0x000000000800021c                __udivmoddi4
 .text          0x00000000080004f8        0x4 /opt/stm32_toolchain/AtollicTrueStudio/ARMTools/bin/../lib/gcc/arm-atollic-eabi/6.3.1/armv7e-m/fpu/libgcc.a(_dvmd_tls.o)
                0x00000000080004f8                __aeabi_ldiv0
                0x00000000080004f8                __aeabi_idiv0
 *(.text*)
 .text.HAL_Init
                0x00000000080004fc       0x44 Drivers/STM32F4xx_HAL_Driver/Src/stm32f4xx_hal.o
                0x00000000080004fc                HAL_Init
 .text.HAL_InitTick
                0x0000000008000540       0x60 Drivers/STM32F4xx_HAL_Driver/Src/stm32f4xx_hal.o
                0x0000000008000540                HAL_InitTick
 .text.HAL_IncTick
                0x00000000080005a0       0x28 Drivers/STM32F4xx_HAL_Driver/Src/stm32f4xx_hal.o
                0x00000000080005a0                HAL_IncTick
 .text.HAL_GetTick
                0x00000000080005c8       0x18 Drivers/STM32F4xx_HAL_Driver/Src/stm32f4xx_hal.o
                0x00000000080005c8                HAL_GetTick
 .text.__NVIC_SetPriorityGrouping
                0x00000000080005e0       0x48 Drivers/STM32F4xx_HAL_Driver/Src/stm32f4xx_hal_cortex.o
 .text.__NVIC_GetPriorityGrouping
                0x0000000008000628       0x1c Drivers/STM32F4xx_HAL_Driver/Src/stm32f4xx_hal_cortex.o
 .text.__NVIC_EnableIRQ
                0x0000000008000644       0x3c Drivers/STM32F4xx_HAL_Driver/Src/stm32f4xx_hal_cortex.o
 .text.__NVIC_SetPriority
                0x0000000008000680       0x54 Drivers/STM32F4xx_HAL_Driver/Src/stm32f4xx_hal_cortex.o
 .text.NVIC_EncodePriority
                0x00000000080006d4       0x62 Drivers/STM32F4xx_HAL_Driver/Src/stm32f4xx_hal_cortex.o
 *fill*         0x0000000008000736        0x2 
 .text.SysTick_Config
                0x0000000008000738       0x44 Drivers/STM32F4xx_HAL_Driver/Src/stm32f4xx_hal_cortex.o
 .text.HAL_NVIC_SetPriorityGrouping
                0x000000000800077c       0x16 Drivers/STM32F4xx_HAL_Driver/Src/stm32f4xx_hal_cortex.o
                0x000000000800077c                HAL_NVIC_SetPriorityGrouping
 .text.HAL_NVIC_SetPriority
                0x0000000008000792       0x38 Drivers/STM32F4xx_HAL_Driver/Src/stm32f4xx_hal_cortex.o
                0x0000000008000792                HAL_NVIC_SetPriority
 .text.HAL_NVIC_EnableIRQ
                0x00000000080007ca       0x1c Drivers/STM32F4xx_HAL_Driver/Src/stm32f4xx_hal_cortex.o
                0x00000000080007ca                HAL_NVIC_EnableIRQ
 .text.HAL_SYSTICK_Config
                0x00000000080007e6       0x18 Drivers/STM32F4xx_HAL_Driver/Src/stm32f4xx_hal_cortex.o
                0x00000000080007e6                HAL_SYSTICK_Config
 *fill*         0x00000000080007fe        0x2 
 .text.HAL_GPIO_Init
                0x0000000008000800      0x354 Drivers/STM32F4xx_HAL_Driver/Src/stm32f4xx_hal_gpio.o
                0x0000000008000800                HAL_GPIO_Init
 .text.HAL_GPIO_WritePin
                0x0000000008000b54       0x32 Drivers/STM32F4xx_HAL_Driver/Src/stm32f4xx_hal_gpio.o
                0x0000000008000b54                HAL_GPIO_WritePin
 .text.HAL_GPIO_TogglePin
                0x0000000008000b86       0x36 Drivers/STM32F4xx_HAL_Driver/Src/stm32f4xx_hal_gpio.o
                0x0000000008000b86                HAL_GPIO_TogglePin
 .text.HAL_GPIO_EXTI_IRQHandler
                0x0000000008000bbc       0x30 Drivers/STM32F4xx_HAL_Driver/Src/stm32f4xx_hal_gpio.o
                0x0000000008000bbc                HAL_GPIO_EXTI_IRQHandler
 .text.HAL_RCC_OscConfig
                0x0000000008000bec      0x484 Drivers/STM32F4xx_HAL_Driver/Src/stm32f4xx_hal_rcc.o
                0x0000000008000bec                HAL_RCC_OscConfig
 .text.HAL_RCC_ClockConfig
                0x0000000008001070      0x1c4 Drivers/STM32F4xx_HAL_Driver/Src/stm32f4xx_hal_rcc.o
                0x0000000008001070                HAL_RCC_ClockConfig
 .text.HAL_RCC_GetSysClockFreq
                0x0000000008001234      0x1b0 Drivers/STM32F4xx_HAL_Driver/Src/stm32f4xx_hal_rcc.o
                0x0000000008001234                HAL_RCC_GetSysClockFreq
 .text.HAL_TIM_Base_Init
                0x00000000080013e4       0x56 Drivers/STM32F4xx_HAL_Driver/Src/stm32f4xx_hal_tim.o
                0x00000000080013e4                HAL_TIM_Base_Init
 .text.HAL_TIM_Base_Start_IT
                0x000000000800143a       0x48 Drivers/STM32F4xx_HAL_Driver/Src/stm32f4xx_hal_tim.o
                0x000000000800143a                HAL_TIM_Base_Start_IT
 .text.HAL_TIM_IRQHandler
                0x0000000008001482      0x210 Drivers/STM32F4xx_HAL_Driver/Src/stm32f4xx_hal_tim.o
                0x0000000008001482                HAL_TIM_IRQHandler
 .text.HAL_TIM_ConfigClockSource
                0x0000000008001692      0x16e Drivers/STM32F4xx_HAL_Driver/Src/stm32f4xx_hal_tim.o
                0x0000000008001692                HAL_TIM_ConfigClockSource
 .text.HAL_TIM_OC_DelayElapsedCallback
                0x0000000008001800       0x14 Drivers/STM32F4xx_HAL_Driver/Src/stm32f4xx_hal_tim.o
                0x0000000008001800                HAL_TIM_OC_DelayElapsedCallback
 .text.HAL_TIM_IC_CaptureCallback
                0x0000000008001814       0x14 Drivers/STM32F4xx_HAL_Driver/Src/stm32f4xx_hal_tim.o
                0x0000000008001814                HAL_TIM_IC_CaptureCallback
 .text.HAL_TIM_PWM_PulseFinishedCallback
                0x0000000008001828       0x14 Drivers/STM32F4xx_HAL_Driver/Src/stm32f4xx_hal_tim.o
                0x0000000008001828                HAL_TIM_PWM_PulseFinishedCallback
 .text.HAL_TIM_TriggerCallback
                0x000000000800183c       0x14 Drivers/STM32F4xx_HAL_Driver/Src/stm32f4xx_hal_tim.o
                0x000000000800183c                HAL_TIM_TriggerCallback
 .text.TIM_Base_SetConfig
                0x0000000008001850      0x140 Drivers/STM32F4xx_HAL_Driver/Src/stm32f4xx_hal_tim.o
                0x0000000008001850                TIM_Base_SetConfig
 .text.TIM_TI1_ConfigInputStage
                0x0000000008001990       0x5e Drivers/STM32F4xx_HAL_Driver/Src/stm32f4xx_hal_tim.o
 .text.TIM_TI2_ConfigInputStage
                0x00000000080019ee       0x60 Drivers/STM32F4xx_HAL_Driver/Src/stm32f4xx_hal_tim.o
 .text.TIM_ITRx_SetConfig
                0x0000000008001a4e       0x36 Drivers/STM32F4xx_HAL_Driver/Src/stm32f4xx_hal_tim.o
 .text.TIM_ETR_SetConfig
                0x0000000008001a84       0x40 Drivers/STM32F4xx_HAL_Driver/Src/stm32f4xx_hal_tim.o
                0x0000000008001a84                TIM_ETR_SetConfig
 .text.HAL_TIMEx_MasterConfigSynchronization
                0x0000000008001ac4       0x8a Drivers/STM32F4xx_HAL_Driver/Src/stm32f4xx_hal_tim_ex.o
                0x0000000008001ac4                HAL_TIMEx_MasterConfigSynchronization
 .text.HAL_TIMEx_CommutCallback
                0x0000000008001b4e       0x14 Drivers/STM32F4xx_HAL_Driver/Src/stm32f4xx_hal_tim_ex.o
                0x0000000008001b4e                HAL_TIMEx_CommutCallback
 .text.HAL_TIMEx_BreakCallback
                0x0000000008001b62       0x14 Drivers/STM32F4xx_HAL_Driver/Src/stm32f4xx_hal_tim_ex.o
                0x0000000008001b62                HAL_TIMEx_BreakCallback
 *fill*         0x0000000008001b76        0x2 
 .text.HAL_GPIO_EXTI_Callback
                0x0000000008001b78       0x38 Src/main.o
                0x0000000008001b78                HAL_GPIO_EXTI_Callback
 .text.HAL_TIM_PeriodElapsedCallback
                0x0000000008001bb0       0x20 Src/main.o
                0x0000000008001bb0                HAL_TIM_PeriodElapsedCallback
 .text.main     0x0000000008001bd0       0x74 Src/main.o
                0x0000000008001bd0                main
 .text.SystemClock_Config
                0x0000000008001c44       0xc0 Src/main.o
                0x0000000008001c44                SystemClock_Config
 .text.MX_GFXSIMULATOR_Init
                0x0000000008001d04        0xe Src/main.o
 *fill*         0x0000000008001d12        0x2 
 .text.MX_TIM3_Init
                0x0000000008001d14       0xa0 Src/main.o
 .text.MX_GPIO_Init
                0x0000000008001db4      0x258 Src/main.o
 .text.Error_Handler
                0x000000000800200c        0xe Src/main.o
                0x000000000800200c                Error_Handler
 *fill*         0x000000000800201a        0x2 
 .text.HAL_MspInit
                0x000000000800201c       0x50 Src/stm32f4xx_hal_msp.o
                0x000000000800201c                HAL_MspInit
 .text.HAL_TIM_Base_MspInit
                0x000000000800206c       0x50 Src/stm32f4xx_hal_msp.o
                0x000000000800206c                HAL_TIM_Base_MspInit
 .text.NMI_Handler
                0x00000000080020bc        0xe Src/stm32f4xx_it.o
                0x00000000080020bc                NMI_Handler
 .text.HardFault_Handler
                0x00000000080020ca        0x6 Src/stm32f4xx_it.o
                0x00000000080020ca                HardFault_Handler
 .text.MemManage_Handler
                0x00000000080020d0        0x6 Src/stm32f4xx_it.o
                0x00000000080020d0                MemManage_Handler
 .text.BusFault_Handler
                0x00000000080020d6        0x6 Src/stm32f4xx_it.o
                0x00000000080020d6                BusFault_Handler
 .text.UsageFault_Handler
                0x00000000080020dc        0x6 Src/stm32f4xx_it.o
                0x00000000080020dc                UsageFault_Handler
 .text.SVC_Handler
                0x00000000080020e2        0xe Src/stm32f4xx_it.o
                0x00000000080020e2                SVC_Handler
 .text.DebugMon_Handler
                0x00000000080020f0        0xe Src/stm32f4xx_it.o
                0x00000000080020f0                DebugMon_Handler
 .text.PendSV_Handler
                0x00000000080020fe        0xe Src/stm32f4xx_it.o
                0x00000000080020fe                PendSV_Handler
 .text.SysTick_Handler
                0x000000000800210c        0xc Src/stm32f4xx_it.o
                0x000000000800210c                SysTick_Handler
 .text.TIM3_IRQHandler
                0x0000000008002118       0x14 Src/stm32f4xx_it.o
                0x0000000008002118                TIM3_IRQHandler
 .text.EXTI15_10_IRQHandler
                0x000000000800212c       0x10 Src/stm32f4xx_it.o
                0x000000000800212c                EXTI15_10_IRQHandler
 .text.SystemInit
                0x000000000800213c       0x6c Src/system_stm32f4xx.o
                0x000000000800213c                SystemInit
 .text.Reset_Handler
                0x00000000080021a8       0x50 startup/startup_stm32f429xx.o
                0x00000000080021a8                Reset_Handler
 .text.Default_Handler
                0x00000000080021f8        0x2 startup/startup_stm32f429xx.o
                0x00000000080021f8                RTC_Alarm_IRQHandler
                0x00000000080021f8                HASH_RNG_IRQHandler
                0x00000000080021f8                EXTI2_IRQHandler
                0x00000000080021f8                TIM8_CC_IRQHandler
                0x00000000080021f8                UART8_IRQHandler
                0x00000000080021f8                SPI4_IRQHandler
                0x00000000080021f8                TIM1_CC_IRQHandler
                0x00000000080021f8                DMA2_Stream5_IRQHandler
                0x00000000080021f8                DMA1_Stream5_IRQHandler
                0x00000000080021f8                PVD_IRQHandler
                0x00000000080021f8                SDIO_IRQHandler
                0x00000000080021f8                TAMP_STAMP_IRQHandler
                0x00000000080021f8                CAN2_RX1_IRQHandler
                0x00000000080021f8                EXTI3_IRQHandler
                0x00000000080021f8                TIM8_TRG_COM_TIM14_IRQHandler
                0x00000000080021f8                TIM1_UP_TIM10_IRQHandler
                0x00000000080021f8                TIM8_UP_TIM13_IRQHandler
                0x00000000080021f8                I2C3_ER_IRQHandler
                0x00000000080021f8                EXTI0_IRQHandler
                0x00000000080021f8                I2C2_EV_IRQHandler
                0x00000000080021f8                DMA1_Stream2_IRQHandler
                0x00000000080021f8                CAN1_RX0_IRQHandler
                0x00000000080021f8                FPU_IRQHandler
                0x00000000080021f8                OTG_HS_WKUP_IRQHandler
                0x00000000080021f8                LTDC_ER_IRQHandler
                0x00000000080021f8                CAN2_SCE_IRQHandler
                0x00000000080021f8                DMA2_Stream2_IRQHandler
                0x00000000080021f8                SPI1_IRQHandler
                0x00000000080021f8                TIM6_DAC_IRQHandler
                0x00000000080021f8                TIM1_BRK_TIM9_IRQHandler
                0x00000000080021f8                DCMI_IRQHandler
                0x00000000080021f8                CAN2_RX0_IRQHandler
                0x00000000080021f8                DMA2_Stream3_IRQHandler
                0x00000000080021f8                USART6_IRQHandler
                0x00000000080021f8                USART3_IRQHandler
                0x00000000080021f8                CAN1_RX1_IRQHandler
                0x00000000080021f8                UART5_IRQHandler
                0x00000000080021f8                DMA2_Stream0_IRQHandler
                0x00000000080021f8                TIM4_IRQHandler
                0x00000000080021f8                I2C1_EV_IRQHandler
                0x00000000080021f8                DMA1_Stream6_IRQHandler
                0x00000000080021f8                DMA1_Stream1_IRQHandler
                0x00000000080021f8                UART4_IRQHandler
                0x00000000080021f8                RCC_IRQHandler
                0x00000000080021f8                TIM8_BRK_TIM12_IRQHandler
                0x00000000080021f8                Default_Handler
                0x00000000080021f8                ADC_IRQHandler
                0x00000000080021f8                DMA1_Stream7_IRQHandler
                0x00000000080021f8                SPI5_IRQHandler
                0x00000000080021f8                TIM7_IRQHandler
                0x00000000080021f8                CAN2_TX_IRQHandler
                0x00000000080021f8                TIM5_IRQHandler
                0x00000000080021f8                DMA2_Stream7_IRQHandler
                0x00000000080021f8                I2C3_EV_IRQHandler
                0x00000000080021f8                EXTI9_5_IRQHandler
                0x00000000080021f8                RTC_WKUP_IRQHandler
                0x00000000080021f8                LTDC_IRQHandler
                0x00000000080021f8                ETH_WKUP_IRQHandler
                0x00000000080021f8                SPI2_IRQHandler
                0x00000000080021f8                OTG_HS_EP1_IN_IRQHandler
                0x00000000080021f8                DMA1_Stream0_IRQHandler
                0x00000000080021f8                CAN1_TX_IRQHandler
                0x00000000080021f8                EXTI4_IRQHandler
                0x00000000080021f8                ETH_IRQHandler
                0x00000000080021f8                OTG_HS_EP1_OUT_IRQHandler
                0x00000000080021f8                WWDG_IRQHandler
                0x00000000080021f8                SPI6_IRQHandler
                0x00000000080021f8                TIM2_IRQHandler
                0x00000000080021f8                OTG_FS_WKUP_IRQHandler
                0x00000000080021f8                TIM1_TRG_COM_TIM11_IRQHandler
                0x00000000080021f8                OTG_HS_IRQHandler
                0x00000000080021f8                DMA2D_IRQHandler
                0x00000000080021f8                EXTI1_IRQHandler
                0x00000000080021f8                UART7_IRQHandler
                0x00000000080021f8                USART2_IRQHandler
                0x00000000080021f8                I2C2_ER_IRQHandler
                0x00000000080021f8                DMA2_Stream1_IRQHandler
                0x00000000080021f8                CAN1_SCE_IRQHandler
                0x00000000080021f8                FLASH_IRQHandler
                0x00000000080021f8                DMA2_Stream4_IRQHandler
                0x00000000080021f8                USART1_IRQHandler
                0x00000000080021f8                OTG_FS_IRQHandler
                0x00000000080021f8                SPI3_IRQHandler
                0x00000000080021f8                DMA1_Stream4_IRQHandler
                0x00000000080021f8                I2C1_ER_IRQHandler
                0x00000000080021f8                FMC_IRQHandler
                0x00000000080021f8                DMA2_Stream6_IRQHandler
                0x00000000080021f8                SAI1_IRQHandler
                0x00000000080021f8                DMA1_Stream3_IRQHandler
 *fill*         0x00000000080021fa        0x2 
 .text.__libc_init_array
                0x00000000080021fc       0x48 /opt/stm32_toolchain/AtollicTrueStudio/ARMTools/bin/../lib/gcc/arm-atollic-eabi/6.3.1/../../../../arm-atollic-eabi/lib/armv7e-m/fpu/libc_nano.a(lib_a-init.o)
                0x00000000080021fc                __libc_init_array
 .text.memset   0x0000000008002244       0x10 /opt/stm32_toolchain/AtollicTrueStudio/ARMTools/bin/../lib/gcc/arm-atollic-eabi/6.3.1/../../../../arm-atollic-eabi/lib/armv7e-m/fpu/libc_nano.a(lib_a-memset.o)
                0x0000000008002244                memset
 *(.glue_7)
 .glue_7        0x0000000008002254        0x0 linker stubs
 *(.glue_7t)
 .glue_7t       0x0000000008002254        0x0 linker stubs
 *(.eh_frame)
 .eh_frame      0x0000000008002254        0x0 /opt/stm32_toolchain/AtollicTrueStudio/ARMTools/bin/../lib/gcc/arm-atollic-eabi/6.3.1/armv7e-m/fpu/crtbegin.o
 *(.init)
 .init          0x0000000008002254        0x4 /opt/stm32_toolchain/AtollicTrueStudio/ARMTools/bin/../lib/gcc/arm-atollic-eabi/6.3.1/armv7e-m/fpu/crti.o
                0x0000000008002254                _init
 .init          0x0000000008002258        0x8 /opt/stm32_toolchain/AtollicTrueStudio/ARMTools/bin/../lib/gcc/arm-atollic-eabi/6.3.1/armv7e-m/fpu/crtn.o
 *(.fini)
 .fini          0x0000000008002260        0x4 /opt/stm32_toolchain/AtollicTrueStudio/ARMTools/bin/../lib/gcc/arm-atollic-eabi/6.3.1/armv7e-m/fpu/crti.o
                0x0000000008002260                _fini
 .fini          0x0000000008002264        0x8 /opt/stm32_toolchain/AtollicTrueStudio/ARMTools/bin/../lib/gcc/arm-atollic-eabi/6.3.1/armv7e-m/fpu/crtn.o
                0x000000000800226c                . = ALIGN (0x4)
                0x000000000800226c                _etext = .

.vfp11_veneer   0x000000000800226c        0x0
 .vfp11_veneer  0x000000000800226c        0x0 linker stubs

.v4_bx          0x000000000800226c        0x0
 .v4_bx         0x000000000800226c        0x0 linker stubs

.iplt           0x000000000800226c        0x0
 .iplt          0x000000000800226c        0x0 /opt/stm32_toolchain/AtollicTrueStudio/ARMTools/bin/../lib/gcc/arm-atollic-eabi/6.3.1/armv7e-m/fpu/crtbegin.o

.rodata         0x000000000800226c       0x10
                0x000000000800226c                . = ALIGN (0x4)
 *(.rodata)
 *(.rodata*)
 .rodata.AHBPrescTable
                0x000000000800226c       0x10 Src/system_stm32f4xx.o
                0x000000000800226c                AHBPrescTable
                0x000000000800227c                . = ALIGN (0x4)

.ARM.extab
 *(.ARM.extab* .gnu.linkonce.armextab.*)

.ARM            0x000000000800227c        0x8
                0x000000000800227c                __exidx_start = .
 *(.ARM.exidx*)
 .ARM.exidx     0x000000000800227c        0x8 /opt/stm32_toolchain/AtollicTrueStudio/ARMTools/bin/../lib/gcc/arm-atollic-eabi/6.3.1/armv7e-m/fpu/libgcc.a(_udivmoddi4.o)
                0x0000000008002284                __exidx_end = .

.rel.dyn        0x0000000008002284        0x0
 .rel.iplt      0x0000000008002284        0x0 /opt/stm32_toolchain/AtollicTrueStudio/ARMTools/bin/../lib/gcc/arm-atollic-eabi/6.3.1/armv7e-m/fpu/crtbegin.o

.preinit_array  0x0000000008002284        0x0
                0x0000000008002284                PROVIDE (__preinit_array_start, .)
 *(.preinit_array*)
                0x0000000008002284                PROVIDE (__preinit_array_end, .)

.init_array     0x0000000008002284        0x4
                0x0000000008002284                PROVIDE (__init_array_start, .)
 *(SORT(.init_array.*))
 *(.init_array*)
 .init_array    0x0000000008002284        0x4 /opt/stm32_toolchain/AtollicTrueStudio/ARMTools/bin/../lib/gcc/arm-atollic-eabi/6.3.1/armv7e-m/fpu/crtbegin.o
                0x0000000008002288                PROVIDE (__init_array_end, .)

.fini_array     0x0000000008002288        0x4
                [!provide]                        PROVIDE (__fini_array_start, .)
 *(SORT(.fini_array.*))
 *(.fini_array*)
 .fini_array    0x0000000008002288        0x4 /opt/stm32_toolchain/AtollicTrueStudio/ARMTools/bin/../lib/gcc/arm-atollic-eabi/6.3.1/armv7e-m/fpu/crtbegin.o
                [!provide]                        PROVIDE (__fini_array_end, .)
                0x000000000800228c                _sidata = LOADADDR (.data)

.data           0x0000000020000000       0x10 load address 0x000000000800228c
                0x0000000020000000                . = ALIGN (0x4)
                0x0000000020000000                _sdata = .
 *(.data)
 *(.data*)
 .data.uwTickPrio
                0x0000000020000000        0x4 Drivers/STM32F4xx_HAL_Driver/Src/stm32f4xx_hal.o
                0x0000000020000000                uwTickPrio
 .data.uwTickFreq
                0x0000000020000004        0x1 Drivers/STM32F4xx_HAL_Driver/Src/stm32f4xx_hal.o
                0x0000000020000004                uwTickFreq
 *fill*         0x0000000020000005        0x1 
 .data.blink    0x0000000020000006        0x2 Src/main.o
                0x0000000020000006                blink
 .data.Toggle_LED
                0x0000000020000008        0x2 Src/main.o
                0x0000000020000008                Toggle_LED
 *fill*         0x000000002000000a        0x2 
 .data.SystemCoreClock
                0x000000002000000c        0x4 Src/system_stm32f4xx.o
                0x000000002000000c                SystemCoreClock
                0x0000000020000010                . = ALIGN (0x4)
                0x0000000020000010                _edata = .
                0x000000000800229c                _siccmram = LOADADDR (.ccmram)

.igot.plt       0x0000000020000010        0x0 load address 0x000000000800229c
 .igot.plt      0x0000000020000010        0x0 /opt/stm32_toolchain/AtollicTrueStudio/ARMTools/bin/../lib/gcc/arm-atollic-eabi/6.3.1/armv7e-m/fpu/crtbegin.o

.ccmram         0x0000000010000000        0x0 load address 0x000000000800229c
                0x0000000010000000                . = ALIGN (0x4)
                0x0000000010000000                _sccmram = .
 *(.ccmram)
 *(.ccmram*)
                0x0000000010000000                . = ALIGN (0x4)
                0x0000000010000000                _eccmram = .
                0x0000000010000000                . = ALIGN (0x4)

.bss            0x0000000020000010       0x60
                0x0000000020000010                _sbss = .
                0x0000000020000010                __bss_start__ = _sbss
 *(.bss)
 .bss           0x0000000020000010       0x1c /opt/stm32_toolchain/AtollicTrueStudio/ARMTools/bin/../lib/gcc/arm-atollic-eabi/6.3.1/armv7e-m/fpu/crtbegin.o
 *(.bss*)
 *(COMMON)
 COMMON         0x000000002000002c        0x4 Drivers/STM32F4xx_HAL_Driver/Src/stm32f4xx_hal.o
                0x000000002000002c                uwTick
 COMMON         0x0000000020000030       0x40 Src/main.o
                0x0000000020000030                htim3
                0x0000000020000070                . = ALIGN (0x4)
                0x0000000020000070                _ebss = .
                0x0000000020000070                __bss_end__ = _ebss

._user_heap_stack
                0x0000000020000070      0x600
                0x0000000020000070                . = ALIGN (0x4)
                0x0000000020000070                PROVIDE (end, .)
                [!provide]                        PROVIDE (_end, .)
                0x0000000020000270                . = (. + _Min_Heap_Size)
 *fill*         0x0000000020000070      0x200 
                0x0000000020000670                . = (. + _Min_Stack_Size)
 *fill*         0x0000000020000270      0x400 
                0x0000000020000670                . = ALIGN (0x4)

/DISCARD/
 libc.a(*)
 libm.a(*)
 libgcc.a(*)

.ARM.attributes
                0x0000000000000000       0x30
 *(.ARM.attributes)
 .ARM.attributes
                0x0000000000000000       0x22 /opt/stm32_toolchain/AtollicTrueStudio/ARMTools/bin/../lib/gcc/arm-atollic-eabi/6.3.1/armv7e-m/fpu/crti.o
 .ARM.attributes
                0x0000000000000022       0x34 /opt/stm32_toolchain/AtollicTrueStudio/ARMTools/bin/../lib/gcc/arm-atollic-eabi/6.3.1/armv7e-m/fpu/crtbegin.o
 .ARM.attributes
                0x0000000000000056       0x39 Drivers/STM32F4xx_HAL_Driver/Src/stm32f4xx_hal.o
 .ARM.attributes
                0x000000000000008f       0x39 Drivers/STM32F4xx_HAL_Driver/Src/stm32f4xx_hal_cortex.o
 .ARM.attributes
                0x00000000000000c8       0x39 Drivers/STM32F4xx_HAL_Driver/Src/stm32f4xx_hal_gpio.o
 .ARM.attributes
                0x0000000000000101       0x39 Drivers/STM32F4xx_HAL_Driver/Src/stm32f4xx_hal_rcc.o
 .ARM.attributes
                0x000000000000013a       0x39 Drivers/STM32F4xx_HAL_Driver/Src/stm32f4xx_hal_tim.o
 .ARM.attributes
                0x0000000000000173       0x39 Drivers/STM32F4xx_HAL_Driver/Src/stm32f4xx_hal_tim_ex.o
 .ARM.attributes
                0x00000000000001ac       0x39 Src/main.o
 .ARM.attributes
                0x00000000000001e5       0x39 Src/stm32f4xx_hal_msp.o
 .ARM.attributes
                0x000000000000021e       0x39 Src/stm32f4xx_it.o
 .ARM.attributes
                0x0000000000000257       0x39 Src/system_stm32f4xx.o
 .ARM.attributes
                0x0000000000000290       0x21 startup/startup_stm32f429xx.o
 .ARM.attributes
                0x00000000000002b1       0x34 /opt/stm32_toolchain/AtollicTrueStudio/ARMTools/bin/../lib/gcc/arm-atollic-eabi/6.3.1/../../../../arm-atollic-eabi/lib/armv7e-m/fpu/libc_nano.a(lib_a-init.o)
 .ARM.attributes
                0x00000000000002e5       0x34 /opt/stm32_toolchain/AtollicTrueStudio/ARMTools/bin/../lib/gcc/arm-atollic-eabi/6.3.1/../../../../arm-atollic-eabi/lib/armv7e-m/fpu/libc_nano.a(lib_a-memset.o)
 .ARM.attributes
                0x0000000000000319       0x22 /opt/stm32_toolchain/AtollicTrueStudio/ARMTools/bin/../lib/gcc/arm-atollic-eabi/6.3.1/armv7e-m/fpu/libgcc.a(_aeabi_uldivmod.o)
 .ARM.attributes
                0x000000000000033b       0x34 /opt/stm32_toolchain/AtollicTrueStudio/ARMTools/bin/../lib/gcc/arm-atollic-eabi/6.3.1/armv7e-m/fpu/libgcc.a(_udivmoddi4.o)
 .ARM.attributes
                0x000000000000036f       0x22 /opt/stm32_toolchain/AtollicTrueStudio/ARMTools/bin/../lib/gcc/arm-atollic-eabi/6.3.1/armv7e-m/fpu/libgcc.a(_dvmd_tls.o)
 .ARM.attributes
                0x0000000000000391       0x22 /opt/stm32_toolchain/AtollicTrueStudio/ARMTools/bin/../lib/gcc/arm-atollic-eabi/6.3.1/armv7e-m/fpu/crtn.o
OUTPUT(heartbeat4.elf elf32-littlearm)

.debug_info     0x0000000000000000     0x83aa
 .debug_info    0x0000000000000000      0x994 Drivers/STM32F4xx_HAL_Driver/Src/stm32f4xx_hal.o
 .debug_info    0x0000000000000994      0xe0d Drivers/STM32F4xx_HAL_Driver/Src/stm32f4xx_hal_cortex.o
 .debug_info    0x00000000000017a1      0x77d Drivers/STM32F4xx_HAL_Driver/Src/stm32f4xx_hal_gpio.o
 .debug_info    0x0000000000001f1e      0x8be Drivers/STM32F4xx_HAL_Driver/Src/stm32f4xx_hal_rcc.o
 .debug_info    0x00000000000027dc     0x2452 Drivers/STM32F4xx_HAL_Driver/Src/stm32f4xx_hal_tim.o
 .debug_info    0x0000000000004c2e     0x1102 Drivers/STM32F4xx_HAL_Driver/Src/stm32f4xx_hal_tim_ex.o
 .debug_info    0x0000000000005d30      0xf18 Src/main.o
 .debug_info    0x0000000000006c48      0xaad Src/stm32f4xx_hal_msp.o
 .debug_info    0x00000000000076f5      0x6bf Src/stm32f4xx_it.o
 .debug_info    0x0000000000007db4      0x51f Src/system_stm32f4xx.o
 .debug_info    0x00000000000082d3       0xd7 startup/startup_stm32f429xx.o

.debug_abbrev   0x0000000000000000     0x1353
 .debug_abbrev  0x0000000000000000      0x1c6 Drivers/STM32F4xx_HAL_Driver/Src/stm32f4xx_hal.o
 .debug_abbrev  0x00000000000001c6      0x2f5 Drivers/STM32F4xx_HAL_Driver/Src/stm32f4xx_hal_cortex.o
 .debug_abbrev  0x00000000000004bb      0x1c4 Drivers/STM32F4xx_HAL_Driver/Src/stm32f4xx_hal_gpio.o
 .debug_abbrev  0x000000000000067f      0x240 Drivers/STM32F4xx_HAL_Driver/Src/stm32f4xx_hal_rcc.o
 .debug_abbrev  0x00000000000008bf      0x229 Drivers/STM32F4xx_HAL_Driver/Src/stm32f4xx_hal_tim.o
 .debug_abbrev  0x0000000000000ae8      0x217 Drivers/STM32F4xx_HAL_Driver/Src/stm32f4xx_hal_tim_ex.o
 .debug_abbrev  0x0000000000000cff      0x251 Src/main.o
 .debug_abbrev  0x0000000000000f50      0x190 Src/stm32f4xx_hal_msp.o
 .debug_abbrev  0x00000000000010e0      0x153 Src/stm32f4xx_it.o
 .debug_abbrev  0x0000000000001233      0x10e Src/system_stm32f4xx.o
 .debug_abbrev  0x0000000000001341       0x12 startup/startup_stm32f429xx.o

.debug_aranges  0x0000000000000000      0x938
 .debug_aranges
                0x0000000000000000      0x100 Drivers/STM32F4xx_HAL_Driver/Src/stm32f4xx_hal.o
 .debug_aranges
                0x0000000000000100      0x118 Drivers/STM32F4xx_HAL_Driver/Src/stm32f4xx_hal_cortex.o
 .debug_aranges
                0x0000000000000218       0x58 Drivers/STM32F4xx_HAL_Driver/Src/stm32f4xx_hal_gpio.o
 .debug_aranges
                0x0000000000000270       0x88 Drivers/STM32F4xx_HAL_Driver/Src/stm32f4xx_hal_rcc.o
 .debug_aranges
                0x00000000000002f8      0x3a8 Drivers/STM32F4xx_HAL_Driver/Src/stm32f4xx_hal_tim.o
 .debug_aranges
                0x00000000000006a0      0x150 Drivers/STM32F4xx_HAL_Driver/Src/stm32f4xx_hal_tim_ex.o
 .debug_aranges
                0x00000000000007f0       0x58 Src/main.o
 .debug_aranges
                0x0000000000000848       0x30 Src/stm32f4xx_hal_msp.o
 .debug_aranges
                0x0000000000000878       0x70 Src/stm32f4xx_it.o
 .debug_aranges
                0x00000000000008e8       0x28 Src/system_stm32f4xx.o
 .debug_aranges
                0x0000000000000910       0x28 startup/startup_stm32f429xx.o

.debug_ranges   0x0000000000000000      0x890
 .debug_ranges  0x0000000000000000       0xf0 Drivers/STM32F4xx_HAL_Driver/Src/stm32f4xx_hal.o
 .debug_ranges  0x00000000000000f0      0x108 Drivers/STM32F4xx_HAL_Driver/Src/stm32f4xx_hal_cortex.o
 .debug_ranges  0x00000000000001f8       0x48 Drivers/STM32F4xx_HAL_Driver/Src/stm32f4xx_hal_gpio.o
 .debug_ranges  0x0000000000000240       0x78 Drivers/STM32F4xx_HAL_Driver/Src/stm32f4xx_hal_rcc.o
 .debug_ranges  0x00000000000002b8      0x398 Drivers/STM32F4xx_HAL_Driver/Src/stm32f4xx_hal_tim.o
 .debug_ranges  0x0000000000000650      0x140 Drivers/STM32F4xx_HAL_Driver/Src/stm32f4xx_hal_tim_ex.o
 .debug_ranges  0x0000000000000790       0x48 Src/main.o
 .debug_ranges  0x00000000000007d8       0x20 Src/stm32f4xx_hal_msp.o
 .debug_ranges  0x00000000000007f8       0x60 Src/stm32f4xx_it.o
 .debug_ranges  0x0000000000000858       0x18 Src/system_stm32f4xx.o
 .debug_ranges  0x0000000000000870       0x20 startup/startup_stm32f429xx.o

.debug_line     0x0000000000000000     0x3869
 .debug_line    0x0000000000000000      0x41a Drivers/STM32F4xx_HAL_Driver/Src/stm32f4xx_hal.o
 .debug_line    0x000000000000041a      0x51a Drivers/STM32F4xx_HAL_Driver/Src/stm32f4xx_hal_cortex.o
 .debug_line    0x0000000000000934      0x405 Drivers/STM32F4xx_HAL_Driver/Src/stm32f4xx_hal_gpio.o
 .debug_line    0x0000000000000d39      0x473 Drivers/STM32F4xx_HAL_Driver/Src/stm32f4xx_hal_rcc.o
 .debug_line    0x00000000000011ac     0x1475 Drivers/STM32F4xx_HAL_Driver/Src/stm32f4xx_hal_tim.o
 .debug_line    0x0000000000002621      0x832 Drivers/STM32F4xx_HAL_Driver/Src/stm32f4xx_hal_tim_ex.o
 .debug_line    0x0000000000002e53      0x323 Src/main.o
 .debug_line    0x0000000000003176      0x21a Src/stm32f4xx_hal_msp.o
 .debug_line    0x0000000000003390      0x2a7 Src/stm32f4xx_it.o
 .debug_line    0x0000000000003637      0x1b3 Src/system_stm32f4xx.o
 .debug_line    0x00000000000037ea       0x7f startup/startup_stm32f429xx.o

.debug_str      0x0000000000000000     0x2edc
 .debug_str     0x0000000000000000      0xc18 Drivers/STM32F4xx_HAL_Driver/Src/stm32f4xx_hal.o
                                        0xc81 (size before relaxing)
 .debug_str     0x0000000000000c18      0x4f2 Drivers/STM32F4xx_HAL_Driver/Src/stm32f4xx_hal_cortex.o
                                        0xd43 (size before relaxing)
 .debug_str     0x000000000000110a      0x1de Drivers/STM32F4xx_HAL_Driver/Src/stm32f4xx_hal_gpio.o
                                        0x5b8 (size before relaxing)
 .debug_str     0x00000000000012e8      0x2e9 Drivers/STM32F4xx_HAL_Driver/Src/stm32f4xx_hal_rcc.o
                                        0x764 (size before relaxing)
 .debug_str     0x00000000000015d1     0x11e3 Drivers/STM32F4xx_HAL_Driver/Src/stm32f4xx_hal_tim.o
                                       0x152f (size before relaxing)
 .debug_str     0x00000000000027b4      0x579 Drivers/STM32F4xx_HAL_Driver/Src/stm32f4xx_hal_tim_ex.o
                                        0xd2f (size before relaxing)
 .debug_str     0x0000000000002d2d       0x7a Src/main.o
                                       0x1028 (size before relaxing)
 .debug_str     0x0000000000002da7       0x25 Src/stm32f4xx_hal_msp.o
                                        0xd47 (size before relaxing)
 .debug_str     0x0000000000002dcc       0xcb Src/stm32f4xx_it.o
                                        0x767 (size before relaxing)
 .debug_str     0x0000000000002e97       0x45 Src/system_stm32f4xx.o
                                        0x41c (size before relaxing)

.comment        0x0000000000000000       0x7c
 .comment       0x0000000000000000       0x7c Drivers/STM32F4xx_HAL_Driver/Src/stm32f4xx_hal.o
                                         0x7d (size before relaxing)
 .comment       0x000000000000007c       0x7d Drivers/STM32F4xx_HAL_Driver/Src/stm32f4xx_hal_cortex.o
 .comment       0x000000000000007c       0x7d Drivers/STM32F4xx_HAL_Driver/Src/stm32f4xx_hal_gpio.o
 .comment       0x000000000000007c       0x7d Drivers/STM32F4xx_HAL_Driver/Src/stm32f4xx_hal_rcc.o
 .comment       0x000000000000007c       0x7d Drivers/STM32F4xx_HAL_Driver/Src/stm32f4xx_hal_tim.o
 .comment       0x000000000000007c       0x7d Drivers/STM32F4xx_HAL_Driver/Src/stm32f4xx_hal_tim_ex.o
 .comment       0x000000000000007c       0x7d Src/main.o
 .comment       0x000000000000007c       0x7d Src/stm32f4xx_hal_msp.o
 .comment       0x000000000000007c       0x7d Src/stm32f4xx_it.o
 .comment       0x000000000000007c       0x7d Src/system_stm32f4xx.o

.debug_frame    0x0000000000000000     0x2634
 .debug_frame   0x0000000000000000      0x3b4 Drivers/STM32F4xx_HAL_Driver/Src/stm32f4xx_hal.o
 .debug_frame   0x00000000000003b4      0x498 Drivers/STM32F4xx_HAL_Driver/Src/stm32f4xx_hal_cortex.o
 .debug_frame   0x000000000000084c      0x14c Drivers/STM32F4xx_HAL_Driver/Src/stm32f4xx_hal_gpio.o
 .debug_frame   0x0000000000000998      0x1f8 Drivers/STM32F4xx_HAL_Driver/Src/stm32f4xx_hal_rcc.o
 .debug_frame   0x0000000000000b90     0x10f0 Drivers/STM32F4xx_HAL_Driver/Src/stm32f4xx_hal_tim.o
 .debug_frame   0x0000000000001c80      0x5c0 Drivers/STM32F4xx_HAL_Driver/Src/stm32f4xx_hal_tim_ex.o
 .debug_frame   0x0000000000002240      0x12c Src/main.o
 .debug_frame   0x000000000000236c       0x80 Src/stm32f4xx_hal_msp.o
 .debug_frame   0x00000000000023ec      0x144 Src/stm32f4xx_it.o
 .debug_frame   0x0000000000002530       0x58 Src/system_stm32f4xx.o
 .debug_frame   0x0000000000002588       0x2c /opt/stm32_toolchain/AtollicTrueStudio/ARMTools/bin/../lib/gcc/arm-atollic-eabi/6.3.1/../../../../arm-atollic-eabi/lib/armv7e-m/fpu/libc_nano.a(lib_a-init.o)
 .debug_frame   0x00000000000025b4       0x20 /opt/stm32_toolchain/AtollicTrueStudio/ARMTools/bin/../lib/gcc/arm-atollic-eabi/6.3.1/../../../../arm-atollic-eabi/lib/armv7e-m/fpu/libc_nano.a(lib_a-memset.o)
 .debug_frame   0x00000000000025d4       0x2c /opt/stm32_toolchain/AtollicTrueStudio/ARMTools/bin/../lib/gcc/arm-atollic-eabi/6.3.1/armv7e-m/fpu/libgcc.a(_aeabi_uldivmod.o)
 .debug_frame   0x0000000000002600       0x34 /opt/stm32_toolchain/AtollicTrueStudio/ARMTools/bin/../lib/gcc/arm-atollic-eabi/6.3.1/armv7e-m/fpu/libgcc.a(_udivmoddi4.o)
