Archive member included to satisfy reference by file (symbol)

/opt/stm32_toolchain/AtollicTrueStudio/ARMTools/bin/../lib/gcc/arm-atollic-eabi/6.3.1/../../../../arm-atollic-eabi/lib/armv7e-m/fpu/libc_nano.a(lib_a-init.o)
                              startup/startup_stm32f429xx.o (__libc_init_array)
/opt/stm32_toolchain/AtollicTrueStudio/ARMTools/bin/../lib/gcc/arm-atollic-eabi/6.3.1/../../../../arm-atollic-eabi/lib/armv7e-m/fpu/libc_nano.a(lib_a-memcmp.o)
                              Middlewares/Third_Party/LwIP/src/netif/ethernet.o (memcmp)
/opt/stm32_toolchain/AtollicTrueStudio/ARMTools/bin/../lib/gcc/arm-atollic-eabi/6.3.1/../../../../arm-atollic-eabi/lib/armv7e-m/fpu/libc_nano.a(lib_a-memcpy-stub.o)
                              Middlewares/Third_Party/FreeRTOS/Source/queue.o (memcpy)
/opt/stm32_toolchain/AtollicTrueStudio/ARMTools/bin/../lib/gcc/arm-atollic-eabi/6.3.1/../../../../arm-atollic-eabi/lib/armv7e-m/fpu/libc_nano.a(lib_a-memset.o)
                              Middlewares/Third_Party/FreeRTOS/Source/CMSIS_RTOS/cmsis_os.o (memset)
/opt/stm32_toolchain/AtollicTrueStudio/ARMTools/bin/../lib/gcc/arm-atollic-eabi/6.3.1/../../../../arm-atollic-eabi/lib/armv7e-m/fpu/libc_nano.a(lib_a-printf.o)
                              Middlewares/Third_Party/LwIP/src/api/api_lib.o (printf)
/opt/stm32_toolchain/AtollicTrueStudio/ARMTools/bin/../lib/gcc/arm-atollic-eabi/6.3.1/../../../../arm-atollic-eabi/lib/armv7e-m/fpu/libc_nano.a(lib_a-strlen.o)
                              Middlewares/Third_Party/LwIP/src/apps/mqtt/mqtt.o (strlen)
/opt/stm32_toolchain/AtollicTrueStudio/ARMTools/bin/../lib/gcc/arm-atollic-eabi/6.3.1/../../../../arm-atollic-eabi/lib/armv7e-m/fpu/libc_nano.a(lib_a-strncmp.o)
                              Middlewares/Third_Party/LwIP/src/core/def.o (strncmp)
/opt/stm32_toolchain/AtollicTrueStudio/ARMTools/bin/../lib/gcc/arm-atollic-eabi/6.3.1/../../../../arm-atollic-eabi/lib/armv7e-m/fpu/libc_nano.a(lib_a-findfp.o)
                              /opt/stm32_toolchain/AtollicTrueStudio/ARMTools/bin/../lib/gcc/arm-atollic-eabi/6.3.1/../../../../arm-atollic-eabi/lib/armv7e-m/fpu/libc_nano.a(lib_a-printf.o) (__sinit)
/opt/stm32_toolchain/AtollicTrueStudio/ARMTools/bin/../lib/gcc/arm-atollic-eabi/6.3.1/../../../../arm-atollic-eabi/lib/armv7e-m/fpu/libc_nano.a(lib_a-fwalk.o)
                              /opt/stm32_toolchain/AtollicTrueStudio/ARMTools/bin/../lib/gcc/arm-atollic-eabi/6.3.1/../../../../arm-atollic-eabi/lib/armv7e-m/fpu/libc_nano.a(lib_a-findfp.o) (_fwalk)
/opt/stm32_toolchain/AtollicTrueStudio/ARMTools/bin/../lib/gcc/arm-atollic-eabi/6.3.1/../../../../arm-atollic-eabi/lib/armv7e-m/fpu/libc_nano.a(lib_a-impure.o)
                              /opt/stm32_toolchain/AtollicTrueStudio/ARMTools/bin/../lib/gcc/arm-atollic-eabi/6.3.1/../../../../arm-atollic-eabi/lib/armv7e-m/fpu/libc_nano.a(lib_a-findfp.o) (_global_impure_ptr)
/opt/stm32_toolchain/AtollicTrueStudio/ARMTools/bin/../lib/gcc/arm-atollic-eabi/6.3.1/../../../../arm-atollic-eabi/lib/armv7e-m/fpu/libc_nano.a(lib_a-nano-mallocr.o)
                              /opt/stm32_toolchain/AtollicTrueStudio/ARMTools/bin/../lib/gcc/arm-atollic-eabi/6.3.1/../../../../arm-atollic-eabi/lib/armv7e-m/fpu/libc_nano.a(lib_a-findfp.o) (_malloc_r)
/opt/stm32_toolchain/AtollicTrueStudio/ARMTools/bin/../lib/gcc/arm-atollic-eabi/6.3.1/../../../../arm-atollic-eabi/lib/armv7e-m/fpu/libc_nano.a(lib_a-nano-vfprintf.o)
                              /opt/stm32_toolchain/AtollicTrueStudio/ARMTools/bin/../lib/gcc/arm-atollic-eabi/6.3.1/../../../../arm-atollic-eabi/lib/armv7e-m/fpu/libc_nano.a(lib_a-printf.o) (_vfprintf_r)
/opt/stm32_toolchain/AtollicTrueStudio/ARMTools/bin/../lib/gcc/arm-atollic-eabi/6.3.1/../../../../arm-atollic-eabi/lib/armv7e-m/fpu/libc_nano.a(lib_a-nano-vfprintf_i.o)
                              /opt/stm32_toolchain/AtollicTrueStudio/ARMTools/bin/../lib/gcc/arm-atollic-eabi/6.3.1/../../../../arm-atollic-eabi/lib/armv7e-m/fpu/libc_nano.a(lib_a-nano-vfprintf.o) (_printf_i)
/opt/stm32_toolchain/AtollicTrueStudio/ARMTools/bin/../lib/gcc/arm-atollic-eabi/6.3.1/../../../../arm-atollic-eabi/lib/armv7e-m/fpu/libc_nano.a(lib_a-sbrkr.o)
                              /opt/stm32_toolchain/AtollicTrueStudio/ARMTools/bin/../lib/gcc/arm-atollic-eabi/6.3.1/../../../../arm-atollic-eabi/lib/armv7e-m/fpu/libc_nano.a(lib_a-nano-mallocr.o) (_sbrk_r)
/opt/stm32_toolchain/AtollicTrueStudio/ARMTools/bin/../lib/gcc/arm-atollic-eabi/6.3.1/../../../../arm-atollic-eabi/lib/armv7e-m/fpu/libc_nano.a(lib_a-stdio.o)
                              /opt/stm32_toolchain/AtollicTrueStudio/ARMTools/bin/../lib/gcc/arm-atollic-eabi/6.3.1/../../../../arm-atollic-eabi/lib/armv7e-m/fpu/libc_nano.a(lib_a-findfp.o) (__sread)
/opt/stm32_toolchain/AtollicTrueStudio/ARMTools/bin/../lib/gcc/arm-atollic-eabi/6.3.1/../../../../arm-atollic-eabi/lib/armv7e-m/fpu/libc_nano.a(lib_a-wbuf.o)
[...]
Memory Configuration

Name             Origin             Length             Attributes
RAM              0x0000000020000000 0x0000000000030000 xrw
CCMRAM           0x0000000010000000 0x0000000000010000 rw
FLASH            0x0000000008000000 0x0000000000200000 xr
*default*        0x0000000000000000 0xffffffffffffffff

Linker script and memory map

LOAD /opt/stm32_toolchain/AtollicTrueStudio/ARMTools/bin/../lib/gcc/arm-atollic-eabi/6.3.1/armv7e-m/fpu/crti.o
LOAD /opt/stm32_toolchain/AtollicTrueStudio/ARMTools/bin/../lib/gcc/arm-atollic-eabi/6.3.1/armv7e-m/fpu/crtbegin.o
LOAD Drivers/STM32F4xx_HAL_Driver/Src/stm32f4xx_hal.o
LOAD Drivers/STM32F4xx_HAL_Driver/Src/stm32f4xx_hal_cortex.o
LOAD Drivers/STM32F4xx_HAL_Driver/Src/stm32f4xx_hal_dma.o
LOAD Drivers/STM32F4xx_HAL_Driver/Src/stm32f4xx_hal_dma_ex.o
LOAD Drivers/STM32F4xx_HAL_Driver/Src/stm32f4xx_hal_eth.o
LOAD Drivers/STM32F4xx_HAL_Driver/Src/stm32f4xx_hal_exti.o
LOAD Drivers/STM32F4xx_HAL_Driver/Src/stm32f4xx_hal_flash.o
LOAD Drivers/STM32F4xx_HAL_Driver/Src/stm32f4xx_hal_flash_ex.o
LOAD Drivers/STM32F4xx_HAL_Driver/Src/stm32f4xx_hal_flash_ramfunc.o
LOAD Drivers/STM32F4xx_HAL_Driver/Src/stm32f4xx_hal_gpio.o
LOAD Drivers/STM32F4xx_HAL_Driver/Src/stm32f4xx_hal_pcd.o
LOAD Drivers/STM32F4xx_HAL_Driver/Src/stm32f4xx_hal_pcd_ex.o
LOAD Drivers/STM32F4xx_HAL_Driver/Src/stm32f4xx_hal_pwr.o
LOAD Drivers/STM32F4xx_HAL_Driver/Src/stm32f4xx_hal_pwr_ex.o
LOAD Drivers/STM32F4xx_HAL_Driver/Src/stm32f4xx_hal_rcc.o
LOAD Drivers/STM32F4xx_HAL_Driver/Src/stm32f4xx_hal_rcc_ex.o
LOAD Drivers/STM32F4xx_HAL_Driver/Src/stm32f4xx_hal_tim.o
LOAD Drivers/STM32F4xx_HAL_Driver/Src/stm32f4xx_hal_tim_ex.o
LOAD Drivers/STM32F4xx_HAL_Driver/Src/stm32f4xx_hal_uart.o
LOAD Drivers/STM32F4xx_HAL_Driver/Src/stm32f4xx_ll_usb.o
LOAD Middlewares/Third_Party/FreeRTOS/Source/CMSIS_RTOS/cmsis_os.o
LOAD Middlewares/Third_Party/FreeRTOS/Source/croutine.o
LOAD Middlewares/Third_Party/FreeRTOS/Source/event_groups.o
LOAD Middlewares/Third_Party/FreeRTOS/Source/list.o
LOAD Middlewares/Third_Party/FreeRTOS/Source/portable/GCC/ARM_CM4F/port.o
LOAD Middlewares/Third_Party/FreeRTOS/Source/portable/MemMang/heap_4.o
LOAD Middlewares/Third_Party/FreeRTOS/Source/queue.o
LOAD Middlewares/Third_Party/FreeRTOS/Source/stream_buffer.o
LOAD Middlewares/Third_Party/FreeRTOS/Source/tasks.o
LOAD Middlewares/Third_Party/FreeRTOS/Source/timers.o
LOAD Middlewares/Third_Party/LwIP/src/api/api_lib.o
LOAD Middlewares/Third_Party/LwIP/src/api/api_msg.o
LOAD Middlewares/Third_Party/LwIP/src/api/err.o
LOAD Middlewares/Third_Party/LwIP/src/api/netbuf.o
LOAD Middlewares/Third_Party/LwIP/src/api/netdb.o
LOAD Middlewares/Third_Party/LwIP/src/api/netifapi.o
LOAD Middlewares/Third_Party/LwIP/src/api/sockets.o
LOAD Middlewares/Third_Party/LwIP/src/api/tcpip.o
LOAD Middlewares/Third_Party/LwIP/src/apps/mqtt/mqtt.o
LOAD Middlewares/Third_Party/LwIP/src/core/def.o
LOAD Middlewares/Third_Party/LwIP/src/core/dns.o
LOAD Middlewares/Third_Party/LwIP/src/core/inet_chksum.o
LOAD Middlewares/Third_Party/LwIP/src/core/init.o
LOAD Middlewares/Third_Party/LwIP/src/core/ip.o
LOAD Middlewares/Third_Party/LwIP/src/core/ipv4/autoip.o
LOAD Middlewares/Third_Party/LwIP/src/core/ipv4/dhcp.o
LOAD Middlewares/Third_Party/LwIP/src/core/ipv4/etharp.o
LOAD Middlewares/Third_Party/LwIP/src/core/ipv4/icmp.o
LOAD Middlewares/Third_Party/LwIP/src/core/ipv4/igmp.o
LOAD Middlewares/Third_Party/LwIP/src/core/ipv4/ip4.o
LOAD Middlewares/Third_Party/LwIP/src/core/ipv4/ip4_addr.o
LOAD Middlewares/Third_Party/LwIP/src/core/ipv4/ip4_frag.o
LOAD Middlewares/Third_Party/LwIP/src/core/ipv6/dhcp6.o
LOAD Middlewares/Third_Party/LwIP/src/core/ipv6/ethip6.o
LOAD Middlewares/Third_Party/LwIP/src/core/ipv6/icmp6.o
LOAD Middlewares/Third_Party/LwIP/src/core/ipv6/inet6.o
LOAD Middlewares/Third_Party/LwIP/src/core/ipv6/ip6.o
LOAD Middlewares/Third_Party/LwIP/src/core/ipv6/ip6_addr.o
LOAD Middlewares/Third_Party/LwIP/src/core/ipv6/ip6_frag.o
LOAD Middlewares/Third_Party/LwIP/src/core/ipv6/mld6.o
LOAD Middlewares/Third_Party/LwIP/src/core/ipv6/nd6.o
LOAD Middlewares/Third_Party/LwIP/src/core/mem.o
LOAD Middlewares/Third_Party/LwIP/src/core/memp.o
LOAD Middlewares/Third_Party/LwIP/src/core/netif.o
LOAD Middlewares/Third_Party/LwIP/src/core/pbuf.o
LOAD Middlewares/Third_Party/LwIP/src/core/raw.o
LOAD Middlewares/Third_Party/LwIP/src/core/stats.o
LOAD Middlewares/Third_Party/LwIP/src/core/sys.o
LOAD Middlewares/Third_Party/LwIP/src/core/tcp.o
LOAD Middlewares/Third_Party/LwIP/src/core/tcp_in.o
LOAD Middlewares/Third_Party/LwIP/src/core/tcp_out.o
LOAD Middlewares/Third_Party/LwIP/src/core/timeouts.o
LOAD Middlewares/Third_Party/LwIP/src/core/udp.o
LOAD Middlewares/Third_Party/LwIP/src/netif/ethernet.o
LOAD Middlewares/Third_Party/LwIP/src/netif/lowpan6.o
LOAD Middlewares/Third_Party/LwIP/src/netif/ppp/auth.o
LOAD Middlewares/Third_Party/LwIP/src/netif/ppp/ccp.o
LOAD Middlewares/Third_Party/LwIP/src/netif/ppp/chap-md5.o
LOAD Middlewares/Third_Party/LwIP/src/netif/ppp/chap-new.o
LOAD Middlewares/Third_Party/LwIP/src/netif/ppp/chap_ms.o
LOAD Middlewares/Third_Party/LwIP/src/netif/ppp/demand.o
LOAD Middlewares/Third_Party/LwIP/src/netif/ppp/eap.o
LOAD Middlewares/Third_Party/LwIP/src/netif/ppp/ecp.o
LOAD Middlewares/Third_Party/LwIP/src/netif/ppp/eui64.o
LOAD Middlewares/Third_Party/LwIP/src/netif/ppp/fsm.o
LOAD Middlewares/Third_Party/LwIP/src/netif/ppp/ipcp.o
LOAD Middlewares/Third_Party/LwIP/src/netif/ppp/ipv6cp.o
LOAD Middlewares/Third_Party/LwIP/src/netif/ppp/lcp.o
LOAD Middlewares/Third_Party/LwIP/src/netif/ppp/magic.o
LOAD Middlewares/Third_Party/LwIP/src/netif/ppp/mppe.o
LOAD Middlewares/Third_Party/LwIP/src/netif/ppp/multilink.o
LOAD Middlewares/Third_Party/LwIP/src/netif/ppp/ppp.o
LOAD Middlewares/Third_Party/LwIP/src/netif/ppp/pppapi.o
LOAD Middlewares/Third_Party/LwIP/src/netif/ppp/pppcrypt.o
LOAD Middlewares/Third_Party/LwIP/src/netif/ppp/pppoe.o
LOAD Middlewares/Third_Party/LwIP/src/netif/ppp/pppol2tp.o
LOAD Middlewares/Third_Party/LwIP/src/netif/ppp/pppos.o
LOAD Middlewares/Third_Party/LwIP/src/netif/ppp/upap.o
LOAD Middlewares/Third_Party/LwIP/src/netif/ppp/utils.o
LOAD Middlewares/Third_Party/LwIP/src/netif/ppp/vj.o
LOAD Middlewares/Third_Party/LwIP/src/netif/slipif.o
LOAD Middlewares/Third_Party/LwIP/system/OS/sys_arch.o
LOAD Src/ethernetif.o
LOAD Src/freertos.o
LOAD Src/lwip.o
LOAD Src/main.o
LOAD Src/stm32f4xx_hal_msp.o
LOAD Src/stm32f4xx_hal_timebase_tim.o
LOAD Src/stm32f4xx_it.o
LOAD Src/syscalls.o
LOAD Src/system_stm32f4xx.o
LOAD startup/startup_stm32f429xx.o
                0x0000000000000080                malloc_getpagesize_P = 0x80
START GROUP
LOAD /opt/stm32_toolchain/AtollicTrueStudio/ARMTools/bin/../lib/gcc/arm-atollic-eabi/6.3.1/../../../../arm-atollic-eabi/lib/armv7e-m/fpu/libc_nano.a
LOAD /opt/stm32_toolchain/AtollicTrueStudio/ARMTools/bin/../lib/gcc/arm-atollic-eabi/6.3.1/../../../../arm-atollic-eabi/lib/armv7e-m/fpu/libm.a
END GROUP
START GROUP
LOAD /opt/stm32_toolchain/AtollicTrueStudio/ARMTools/bin/../lib/gcc/arm-atollic-eabi/6.3.1/armv7e-m/fpu/libgcc.a
LOAD /opt/stm32_toolchain/AtollicTrueStudio/ARMTools/bin/../lib/gcc/arm-atollic-eabi/6.3.1/../../../../arm-atollic-eabi/lib/armv7e-m/fpu/libc_nano.a
END GROUP
START GROUP
LOAD /opt/stm32_toolchain/AtollicTrueStudio/ARMTools/bin/../lib/gcc/arm-atollic-eabi/6.3.1/armv7e-m/fpu/libgcc.a
LOAD /opt/stm32_toolchain/AtollicTrueStudio/ARMTools/bin/../lib/gcc/arm-atollic-eabi/6.3.1/../../../../arm-atollic-eabi/lib/armv7e-m/fpu/libc_nano.a
LOAD /opt/stm32_toolchain/AtollicTrueStudio/ARMTools/bin/../lib/gcc/arm-atollic-eabi/6.3.1/../../../../arm-atollic-eabi/lib/armv7e-m/fpu/libnosys.a
END GROUP
START GROUP
LOAD /opt/stm32_toolchain/AtollicTrueStudio/ARMTools/bin/../lib/gcc/arm-atollic-eabi/6.3.1/armv7e-m/fpu/libgcc.a
LOAD /opt/stm32_toolchain/AtollicTrueStudio/ARMTools/bin/../lib/gcc/arm-atollic-eabi/6.3.1/../../../../arm-atollic-eabi/lib/armv7e-m/fpu/libc_nano.a
LOAD /opt/stm32_toolchain/AtollicTrueStudio/ARMTools/bin/../lib/gcc/arm-atollic-eabi/6.3.1/../../../../arm-atollic-eabi/lib/armv7e-m/fpu/libnosys.a
END GROUP
LOAD /opt/stm32_toolchain/AtollicTrueStudio/ARMTools/bin/../lib/gcc/arm-atollic-eabi/6.3.1/armv7e-m/fpu/crtend.o
LOAD /opt/stm32_toolchain/AtollicTrueStudio/ARMTools/bin/../lib/gcc/arm-atollic-eabi/6.3.1/armv7e-m/fpu/crtn.o
                0x0000000020030000                _estack = 0x20030000
                0x0000000000000200                _Min_Heap_Size = 0x200
                0x0000000000000400                _Min_Stack_Size = 0x400

.isr_vector     0x0000000008000000      0x1ac
                0x0000000008000000                . = ALIGN (0x4)
 *(.isr_vector)
 .isr_vector    0x0000000008000000      0x1ac startup/startup_stm32f429xx.o
                0x0000000008000000                g_pfnVectors
                0x00000000080001ac                . = ALIGN (0x4)

.text           0x00000000080001b0    0x1529c
                0x00000000080001b0                . = ALIGN (0x4)
 *(.text)
 .text          0x00000000080001b0       0x40 /opt/stm32_toolchain/AtollicTrueStudio/ARMTools/bin/../lib/gcc/arm-atollic-eabi/6.3.1/armv7e-m/fpu/crtbegin.o
 .text          0x00000000080001f0       0xa0 /opt/stm32_toolchain/AtollicTrueStudio/ARMTools/bin/../lib/gcc/arm-atollic-eabi/6.3.1/../../../../arm-atollic-eabi/lib/armv7e-m/fpu/libc_nano.a(lib_a-memchr.o)
                0x00000000080001f0                memchr
 .text          0x0000000008000290       0x30 /opt/stm32_toolchain/AtollicTrueStudio/ARMTools/bin/../lib/gcc/arm-atollic-eabi/6.3.1/armv7e-m/fpu/libgcc.a(_aeabi_uldivmod.o)
                0x0000000008000290                __aeabi_uldivmod
 .text          0x00000000080002c0      0x2dc /opt/stm32_toolchain/AtollicTrueStudio/ARMTools/bin/../lib/gcc/arm-atollic-eabi/6.3.1/armv7e-m/fpu/libgcc.a(_udivmoddi4.o)
                0x00000000080002c0                __udivmoddi4
 .text          0x000000000800059c        0x4 /opt/stm32_toolchain/AtollicTrueStudio/ARMTools/bin/../lib/gcc/arm-atollic-eabi/6.3.1/armv7e-m/fpu/libgcc.a(_dvmd_tls.o)
                0x000000000800059c                __aeabi_ldiv0
                0x000000000800059c                __aeabi_idiv0
 *(.text*)
 .text.HAL_Init
                0x00000000080005a0       0x44 Drivers/STM32F4xx_HAL_Driver/Src/stm32f4xx_hal.o
                0x00000000080005a0                HAL_Init
 .text.HAL_IncTick
                0x00000000080005e4       0x28 Drivers/STM32F4xx_HAL_Driver/Src/stm32f4xx_hal.o
                0x00000000080005e4                HAL_IncTick
 .text.HAL_GetTick
                0x000000000800060c       0x18 Drivers/STM32F4xx_HAL_Driver/Src/stm32f4xx_hal.o
                0x000000000800060c                HAL_GetTick
 .text.HAL_Delay
                0x0000000008000624       0x44 Drivers/STM32F4xx_HAL_Driver/Src/stm32f4xx_hal.o
                0x0000000008000624                HAL_Delay
 .text.__NVIC_SetPriorityGrouping
                0x0000000008000668       0x48 Drivers/STM32F4xx_HAL_Driver/Src/stm32f4xx_hal_cortex.o
 .text.__NVIC_GetPriorityGrouping
                0x00000000080006b0       0x1c Drivers/STM32F4xx_HAL_Driver/Src/stm32f4xx_hal_cortex.o
 .text.__NVIC_EnableIRQ
                0x00000000080006cc       0x3c Drivers/STM32F4xx_HAL_Driver/Src/stm32f4xx_hal_cortex.o
 .text.__NVIC_SetPriority
                0x0000000008000708       0x54 Drivers/STM32F4xx_HAL_Driver/Src/stm32f4xx_hal_cortex.o
 .text.NVIC_EncodePriority
                0x000000000800075c       0x62 Drivers/STM32F4xx_HAL_Driver/Src/stm32f4xx_hal_cortex.o
 .text.HAL_NVIC_SetPriorityGrouping
                0x00000000080007be       0x16 Drivers/STM32F4xx_HAL_Driver/Src/stm32f4xx_hal_cortex.o
                0x00000000080007be                HAL_NVIC_SetPriorityGrouping
 .text.HAL_NVIC_SetPriority
                0x00000000080007d4       0x38 Drivers/STM32F4xx_HAL_Driver/Src/stm32f4xx_hal_cortex.o
                0x00000000080007d4                HAL_NVIC_SetPriority
 .text.HAL_NVIC_EnableIRQ
                0x000000000800080c       0x1c Drivers/STM32F4xx_HAL_Driver/Src/stm32f4xx_hal_cortex.o
                0x000000000800080c                HAL_NVIC_EnableIRQ
 .text.HAL_ETH_Init
                0x0000000008000828      0x33c Drivers/STM32F4xx_HAL_Driver/Src/stm32f4xx_hal_eth.o
                0x0000000008000828                HAL_ETH_Init
 .text.HAL_ETH_DMATxDescListInit
                0x0000000008000b64       0xd2 Drivers/STM32F4xx_HAL_Driver/Src/stm32f4xx_hal_eth.o
                0x0000000008000b64                HAL_ETH_DMATxDescListInit
 .text.HAL_ETH_DMARxDescListInit
                0x0000000008000c36       0xda Drivers/STM32F4xx_HAL_Driver/Src/stm32f4xx_hal_eth.o
                0x0000000008000c36                HAL_ETH_DMARxDescListInit
 .text.HAL_ETH_TransmitFrame
                0x0000000008000d10      0x1d4 Drivers/STM32F4xx_HAL_Driver/Src/stm32f4xx_hal_eth.o
                0x0000000008000d10                HAL_ETH_TransmitFrame
 .text.HAL_ETH_GetReceivedFrame_IT
                0x0000000008000ee4      0x110 Drivers/STM32F4xx_HAL_Driver/Src/stm32f4xx_hal_eth.o
                0x0000000008000ee4                HAL_ETH_GetReceivedFrame_IT
 .text.HAL_ETH_IRQHandler
                0x0000000008000ff4       0xce Drivers/STM32F4xx_HAL_Driver/Src/stm32f4xx_hal_eth.o
                0x0000000008000ff4                HAL_ETH_IRQHandler
 .text.HAL_ETH_TxCpltCallback
                0x00000000080010c2       0x14 Drivers/STM32F4xx_HAL_Driver/Src/stm32f4xx_hal_eth.o
                0x00000000080010c2                HAL_ETH_TxCpltCallback
 .text.HAL_ETH_ErrorCallback
                0x00000000080010d6       0x14 Drivers/STM32F4xx_HAL_Driver/Src/stm32f4xx_hal_eth.o
                0x00000000080010d6                HAL_ETH_ErrorCallback
 .text.HAL_ETH_ReadPHYRegister
                0x00000000080010ea       0xd0 Drivers/STM32F4xx_HAL_Driver/Src/stm32f4xx_hal_eth.o
                0x00000000080010ea                HAL_ETH_ReadPHYRegister
 .text.HAL_ETH_WritePHYRegister
                0x00000000080011ba       0xcc Drivers/STM32F4xx_HAL_Driver/Src/stm32f4xx_hal_eth.o
                0x00000000080011ba                HAL_ETH_WritePHYRegister
 .text.HAL_ETH_Start
                0x0000000008001286       0x5e Drivers/STM32F4xx_HAL_Driver/Src/stm32f4xx_hal_eth.o
                0x0000000008001286                HAL_ETH_Start
 .text.ETH_MACDMAConfig
                0x00000000080012e4      0x390 Drivers/STM32F4xx_HAL_Driver/Src/stm32f4xx_hal_eth.o
 .text.ETH_MACAddressConfig
                0x0000000008001674       0x70 Drivers/STM32F4xx_HAL_Driver/Src/stm32f4xx_hal_eth.o
 .text.ETH_MACTransmissionEnable
                0x00000000080016e4       0x3a Drivers/STM32F4xx_HAL_Driver/Src/stm32f4xx_hal_eth.o
 .text.ETH_MACReceptionEnable
                0x000000000800171e       0x3a Drivers/STM32F4xx_HAL_Driver/Src/stm32f4xx_hal_eth.o
 .text.ETH_DMATransmissionEnable
                0x0000000008001758       0x30 Drivers/STM32F4xx_HAL_Driver/Src/stm32f4xx_hal_eth.o
 .text.ETH_DMAReceptionEnable
                0x0000000008001788       0x30 Drivers/STM32F4xx_HAL_Driver/Src/stm32f4xx_hal_eth.o
 .text.ETH_FlushTransmitFIFO
                0x00000000080017b8       0x52 Drivers/STM32F4xx_HAL_Driver/Src/stm32f4xx_hal_eth.o
 *fill*         0x000000000800180a        0x2 
 .text.ETH_Delay
                0x000000000800180c       0x3c Drivers/STM32F4xx_HAL_Driver/Src/stm32f4xx_hal_eth.o
 .text.HAL_GPIO_Init
                0x0000000008001848      0x354 Drivers/STM32F4xx_HAL_Driver/Src/stm32f4xx_hal_gpio.o
                0x0000000008001848                HAL_GPIO_Init
 .text.HAL_GPIO_WritePin
                0x0000000008001b9c       0x32 Drivers/STM32F4xx_HAL_Driver/Src/stm32f4xx_hal_gpio.o
                0x0000000008001b9c                HAL_GPIO_WritePin
 .text.HAL_GPIO_TogglePin
                0x0000000008001bce       0x36 Drivers/STM32F4xx_HAL_Driver/Src/stm32f4xx_hal_gpio.o
                0x0000000008001bce                HAL_GPIO_TogglePin
 .text.HAL_PCD_Init
                0x0000000008001c04      0x222 Drivers/STM32F4xx_HAL_Driver/Src/stm32f4xx_hal_pcd.o
                0x0000000008001c04                HAL_PCD_Init
 *fill*         0x0000000008001e26        0x2 
 .text.HAL_RCC_OscConfig
                0x0000000008001e28      0x484 Drivers/STM32F4xx_HAL_Driver/Src/stm32f4xx_hal_rcc.o
                0x0000000008001e28                HAL_RCC_OscConfig
 .text.HAL_RCC_ClockConfig
                0x00000000080022ac      0x1c4 Drivers/STM32F4xx_HAL_Driver/Src/stm32f4xx_hal_rcc.o
                0x00000000080022ac                HAL_RCC_ClockConfig
 .text.HAL_RCC_GetSysClockFreq
                0x0000000008002470      0x1b0 Drivers/STM32F4xx_HAL_Driver/Src/stm32f4xx_hal_rcc.o
                0x0000000008002470                HAL_RCC_GetSysClockFreq
 .text.HAL_RCC_GetHCLKFreq
                0x0000000008002620       0x18 Drivers/STM32F4xx_HAL_Driver/Src/stm32f4xx_hal_rcc.o
                0x0000000008002620                HAL_RCC_GetHCLKFreq
 .text.HAL_RCC_GetPCLK1Freq
                0x0000000008002638       0x28 Drivers/STM32F4xx_HAL_Driver/Src/stm32f4xx_hal_rcc.o
                0x0000000008002638                HAL_RCC_GetPCLK1Freq
 .text.HAL_RCC_GetPCLK2Freq
                0x0000000008002660       0x28 Drivers/STM32F4xx_HAL_Driver/Src/stm32f4xx_hal_rcc.o
                0x0000000008002660                HAL_RCC_GetPCLK2Freq
 .text.HAL_RCC_GetClockConfig
                0x0000000008002688       0x64 Drivers/STM32F4xx_HAL_Driver/Src/stm32f4xx_hal_rcc.o
                0x0000000008002688                HAL_RCC_GetClockConfig
 .text.HAL_TIM_Base_Init
                0x00000000080026ec       0x56 Drivers/STM32F4xx_HAL_Driver/Src/stm32f4xx_hal_tim.o
                0x00000000080026ec                HAL_TIM_Base_Init
 .text.HAL_TIM_Base_MspInit
                0x0000000008002742       0x14 Drivers/STM32F4xx_HAL_Driver/Src/stm32f4xx_hal_tim.o
                0x0000000008002742                HAL_TIM_Base_MspInit
 .text.HAL_TIM_Base_Start_IT
                0x0000000008002756       0x48 Drivers/STM32F4xx_HAL_Driver/Src/stm32f4xx_hal_tim.o
                0x0000000008002756                HAL_TIM_Base_Start_IT
 .text.HAL_TIM_IRQHandler
                0x000000000800279e      0x210 Drivers/STM32F4xx_HAL_Driver/Src/stm32f4xx_hal_tim.o
                0x000000000800279e                HAL_TIM_IRQHandler
 .text.HAL_TIM_OC_DelayElapsedCallback
                0x00000000080029ae       0x14 Drivers/STM32F4xx_HAL_Driver/Src/stm32f4xx_hal_tim.o
                0x00000000080029ae                HAL_TIM_OC_DelayElapsedCallback
 .text.HAL_TIM_IC_CaptureCallback
                0x00000000080029c2       0x14 Drivers/STM32F4xx_HAL_Driver/Src/stm32f4xx_hal_tim.o
                0x00000000080029c2                HAL_TIM_IC_CaptureCallback
 .text.HAL_TIM_PWM_PulseFinishedCallback
                0x00000000080029d6       0x14 Drivers/STM32F4xx_HAL_Driver/Src/stm32f4xx_hal_tim.o
                0x00000000080029d6                HAL_TIM_PWM_PulseFinishedCallback
 .text.HAL_TIM_TriggerCallback
                0x00000000080029ea       0x14 Drivers/STM32F4xx_HAL_Driver/Src/stm32f4xx_hal_tim.o
                0x00000000080029ea                HAL_TIM_TriggerCallback
 *fill*         0x00000000080029fe        0x2 
 .text.TIM_Base_SetConfig
                0x0000000008002a00      0x140 Drivers/STM32F4xx_HAL_Driver/Src/stm32f4xx_hal_tim.o
                0x0000000008002a00                TIM_Base_SetConfig
 .text.HAL_TIMEx_CommutCallback
                0x0000000008002b40       0x14 Drivers/STM32F4xx_HAL_Driver/Src/stm32f4xx_hal_tim_ex.o
                0x0000000008002b40                HAL_TIMEx_CommutCallback
 .text.HAL_TIMEx_BreakCallback
                0x0000000008002b54       0x14 Drivers/STM32F4xx_HAL_Driver/Src/stm32f4xx_hal_tim_ex.o
                0x0000000008002b54                HAL_TIMEx_BreakCallback
 .text.HAL_UART_Init
                0x0000000008002b68       0x9a Drivers/STM32F4xx_HAL_Driver/Src/stm32f4xx_hal_uart.o
                0x0000000008002b68                HAL_UART_Init
 *fill*         0x0000000008002c02        0x2 
 .text.UART_SetConfig
                0x0000000008002c04      0x414 Drivers/STM32F4xx_HAL_Driver/Src/stm32f4xx_hal_uart.o
 .text.USB_CoreInit
                0x0000000008003018       0xc2 Drivers/STM32F4xx_HAL_Driver/Src/stm32f4xx_ll_usb.o
                0x0000000008003018                USB_CoreInit
 .text.USB_DisableGlobalInt
                0x00000000080030da       0x22 Drivers/STM32F4xx_HAL_Driver/Src/stm32f4xx_ll_usb.o
                0x00000000080030da                USB_DisableGlobalInt
 .text.USB_SetCurrentMode
                0x00000000080030fc       0x54 Drivers/STM32F4xx_HAL_Driver/Src/stm32f4xx_ll_usb.o
                0x00000000080030fc                USB_SetCurrentMode
 .text.USB_DevInit
                0x0000000008003150      0x2e4 Drivers/STM32F4xx_HAL_Driver/Src/stm32f4xx_ll_usb.o
                0x0000000008003150                USB_DevInit
 .text.USB_FlushTxFifo
                0x0000000008003434       0x4c Drivers/STM32F4xx_HAL_Driver/Src/stm32f4xx_ll_usb.o
                0x0000000008003434                USB_FlushTxFifo
 .text.USB_FlushRxFifo
                0x0000000008003480       0x44 Drivers/STM32F4xx_HAL_Driver/Src/stm32f4xx_ll_usb.o
                0x0000000008003480                USB_FlushRxFifo
 .text.USB_SetDevSpeed
                0x00000000080034c4       0x34 Drivers/STM32F4xx_HAL_Driver/Src/stm32f4xx_ll_usb.o
                0x00000000080034c4                USB_SetDevSpeed
 .text.USB_DevDisconnect
                0x00000000080034f8       0x32 Drivers/STM32F4xx_HAL_Driver/Src/stm32f4xx_ll_usb.o
                0x00000000080034f8                USB_DevDisconnect
 *fill*         0x000000000800352a        0x2 
 .text.USB_CoreReset
                0x000000000800352c       0x68 Drivers/STM32F4xx_HAL_Driver/Src/stm32f4xx_ll_usb.o
 .text.makeFreeRtosPriority
                0x0000000008003594       0x30 Middlewares/Third_Party/FreeRTOS/Source/CMSIS_RTOS/cmsis_os.o
 .text.inHandlerMode
                0x00000000080035c4       0x24 Middlewares/Third_Party/FreeRTOS/Source/CMSIS_RTOS/cmsis_os.o
 .text.osKernelStart
                0x00000000080035e8        0xe Middlewares/Third_Party/FreeRTOS/Source/CMSIS_RTOS/cmsis_os.o
                0x00000000080035e8                osKernelStart
 .text.osKernelSysTick
                0x00000000080035f6       0x20 Middlewares/Third_Party/FreeRTOS/Source/CMSIS_RTOS/cmsis_os.o
                0x00000000080035f6                osKernelSysTick
 .text.osThreadCreate
                0x0000000008003616       0x4e Middlewares/Third_Party/FreeRTOS/Source/CMSIS_RTOS/cmsis_os.o
                0x0000000008003616                osThreadCreate
 .text.osDelay  0x0000000008003664       0x28 Middlewares/Third_Party/FreeRTOS/Source/CMSIS_RTOS/cmsis_os.o
                0x0000000008003664                osDelay
 .text.osMutexCreate
                0x000000000800368c       0x18 Middlewares/Third_Party/FreeRTOS/Source/CMSIS_RTOS/cmsis_os.o
                0x000000000800368c                osMutexCreate
 .text.osMutexWait
                0x00000000080036a4       0x9c Middlewares/Third_Party/FreeRTOS/Source/CMSIS_RTOS/cmsis_os.o
                0x00000000080036a4                osMutexWait
 .text.osMutexRelease
                0x0000000008003740       0x6c Middlewares/Third_Party/FreeRTOS/Source/CMSIS_RTOS/cmsis_os.o
                0x0000000008003740                osMutexRelease
 .text.osSemaphoreCreate
                0x00000000080037ac       0x3c Middlewares/Third_Party/FreeRTOS/Source/CMSIS_RTOS/cmsis_os.o
                0x00000000080037ac                osSemaphoreCreate
 .text.osSemaphoreWait
                0x00000000080037e8       0x9c Middlewares/Third_Party/FreeRTOS/Source/CMSIS_RTOS/cmsis_os.o
                0x00000000080037e8                osSemaphoreWait
 .text.osSemaphoreRelease
                0x0000000008003884       0x6c Middlewares/Third_Party/FreeRTOS/Source/CMSIS_RTOS/cmsis_os.o
                0x0000000008003884                osSemaphoreRelease
 .text.osSemaphoreDelete
                0x00000000080038f0       0x26 Middlewares/Third_Party/FreeRTOS/Source/CMSIS_RTOS/cmsis_os.o
                0x00000000080038f0                osSemaphoreDelete
 .text.osMessageCreate
                0x0000000008003916       0x24 Middlewares/Third_Party/FreeRTOS/Source/CMSIS_RTOS/cmsis_os.o
                0x0000000008003916                osMessageCreate
 *fill*         0x000000000800393a        0x2 
 .text.osMessagePut
                0x000000000800393c       0x80 Middlewares/Third_Party/FreeRTOS/Source/CMSIS_RTOS/cmsis_os.o
                0x000000000800393c                osMessagePut
 .text.osMessageGet
                0x00000000080039bc       0xe8 Middlewares/Third_Party/FreeRTOS/Source/CMSIS_RTOS/cmsis_os.o
                0x00000000080039bc                osMessageGet
 .text.osMessageWaiting
                0x0000000008003aa4       0x2c Middlewares/Third_Party/FreeRTOS/Source/CMSIS_RTOS/cmsis_os.o
                0x0000000008003aa4                osMessageWaiting
 .text.osMessageDelete
                0x0000000008003ad0       0x26 Middlewares/Third_Party/FreeRTOS/Source/CMSIS_RTOS/cmsis_os.o
                0x0000000008003ad0                osMessageDelete
 .text.vListInitialise
                0x0000000008003af6       0x40 Middlewares/Third_Party/FreeRTOS/Source/list.o
                0x0000000008003af6                vListInitialise
 .text.vListInitialiseItem
                0x0000000008003b36       0x1a Middlewares/Third_Party/FreeRTOS/Source/list.o
                0x0000000008003b36                vListInitialiseItem
 .text.vListInsertEnd
                0x0000000008003b50       0x48 Middlewares/Third_Party/FreeRTOS/Source/list.o
                0x0000000008003b50                vListInsertEnd
 .text.vListInsert
                0x0000000008003b98       0x72 Middlewares/Third_Party/FreeRTOS/Source/list.o
                0x0000000008003b98                vListInsert
 .text.uxListRemove
                0x0000000008003c0a       0x54 Middlewares/Third_Party/FreeRTOS/Source/list.o
                0x0000000008003c0a                uxListRemove
 *fill*         0x0000000008003c5e        0x2 
 .text.pxPortInitialiseStack
                0x0000000008003c60       0x68 Middlewares/Third_Party/FreeRTOS/Source/portable/GCC/ARM_CM4F/port.o
                0x0000000008003c60                pxPortInitialiseStack
 .text.prvTaskExitError
                0x0000000008003cc8       0x54 Middlewares/Third_Party/FreeRTOS/Source/portable/GCC/ARM_CM4F/port.o
 *fill*         0x0000000008003d1c        0x4 
 .text.SVC_Handler
                0x0000000008003d20       0x28 Middlewares/Third_Party/FreeRTOS/Source/portable/GCC/ARM_CM4F/port.o
                0x0000000008003d20                SVC_Handler
 .text.prvPortStartFirstTask
                0x0000000008003d48       0x28 Middlewares/Third_Party/FreeRTOS/Source/portable/GCC/ARM_CM4F/port.o
 .text.xPortStartScheduler
                0x0000000008003d70      0x13c Middlewares/Third_Party/FreeRTOS/Source/portable/GCC/ARM_CM4F/port.o
                0x0000000008003d70                xPortStartScheduler
 .text.vPortEnterCritical
                0x0000000008003eac       0x5c Middlewares/Third_Party/FreeRTOS/Source/portable/GCC/ARM_CM4F/port.o
                0x0000000008003eac                vPortEnterCritical
 .text.vPortExitCritical
                0x0000000008003f08       0x50 Middlewares/Third_Party/FreeRTOS/Source/portable/GCC/ARM_CM4F/port.o
                0x0000000008003f08                vPortExitCritical
 *fill*         0x0000000008003f58        0x8 
 .text.PendSV_Handler
                0x0000000008003f60       0x68 Middlewares/Third_Party/FreeRTOS/Source/portable/GCC/ARM_CM4F/port.o
                0x0000000008003f60                PendSV_Handler
 .text.SysTick_Handler
                0x0000000008003fc8       0x40 Middlewares/Third_Party/FreeRTOS/Source/portable/GCC/ARM_CM4F/port.o
                0x0000000008003fc8                SysTick_Handler
 .text.vPortSetupTimerInterrupt
                0x0000000008004008       0x48 Middlewares/Third_Party/FreeRTOS/Source/portable/GCC/ARM_CM4F/port.o
                0x0000000008004008                vPortSetupTimerInterrupt
 .text.vPortEnableVFP
                0x0000000008004050       0x14 Middlewares/Third_Party/FreeRTOS/Source/portable/GCC/ARM_CM4F/port.o
 .text.vPortValidateInterruptPriority
                0x0000000008004064       0x7c Middlewares/Third_Party/FreeRTOS/Source/portable/GCC/ARM_CM4F/port.o
                0x0000000008004064                vPortValidateInterruptPriority
 .text.pvPortMalloc
                0x00000000080040e0      0x184 Middlewares/Third_Party/FreeRTOS/Source/portable/MemMang/heap_4.o
                0x00000000080040e0                pvPortMalloc
 .text.vPortFree
                0x0000000008004264       0xb0 Middlewares/Third_Party/FreeRTOS/Source/portable/MemMang/heap_4.o
                0x0000000008004264                vPortFree
 .text.prvHeapInit
                0x0000000008004314       0xc4 Middlewares/Third_Party/FreeRTOS/Source/portable/MemMang/heap_4.o
 .text.prvInsertBlockIntoFreeList
                0x00000000080043d8       0xb4 Middlewares/Third_Party/FreeRTOS/Source/portable/MemMang/heap_4.o
 .text.xQueueGenericReset
                0x000000000800448c       0xb4 Middlewares/Third_Party/FreeRTOS/Source/queue.o
                0x000000000800448c                xQueueGenericReset
 .text.xQueueGenericCreate
                0x0000000008004540       0x72 Middlewares/Third_Party/FreeRTOS/Source/queue.o
                0x0000000008004540                xQueueGenericCreate
 .text.prvInitialiseNewQueue
                0x00000000080045b2       0x3e Middlewares/Third_Party/FreeRTOS/Source/queue.o
 .text.prvInitialiseMutex
                0x00000000080045f0       0x34 Middlewares/Third_Party/FreeRTOS/Source/queue.o
 .text.xQueueCreateMutex
                0x0000000008004624       0x30 Middlewares/Third_Party/FreeRTOS/Source/queue.o
                0x0000000008004624                xQueueCreateMutex
 .text.xQueueGenericSend
                0x0000000008004654      0x1c4 Middlewares/Third_Party/FreeRTOS/Source/queue.o
                0x0000000008004654                xQueueGenericSend
 .text.xQueueGenericSendFromISR
                0x0000000008004818      0x128 Middlewares/Third_Party/FreeRTOS/Source/queue.o
                0x0000000008004818                xQueueGenericSendFromISR
 .text.xQueueGiveFromISR
                0x0000000008004940      0x112 Middlewares/Third_Party/FreeRTOS/Source/queue.o
                0x0000000008004940                xQueueGiveFromISR
 *fill*         0x0000000008004a52        0x2 
 .text.xQueueReceive
                0x0000000008004a54      0x1a4 Middlewares/Third_Party/FreeRTOS/Source/queue.o
                0x0000000008004a54                xQueueReceive
 .text.xQueueSemaphoreTake
                0x0000000008004bf8      0x1f8 Middlewares/Third_Party/FreeRTOS/Source/queue.o
                0x0000000008004bf8                xQueueSemaphoreTake
 .text.xQueueReceiveFromISR
                0x0000000008004df0       0xfa Middlewares/Third_Party/FreeRTOS/Source/queue.o
                0x0000000008004df0                xQueueReceiveFromISR
 .text.uxQueueMessagesWaiting
                0x0000000008004eea       0x3a Middlewares/Third_Party/FreeRTOS/Source/queue.o
                0x0000000008004eea                uxQueueMessagesWaiting
 .text.uxQueueMessagesWaitingFromISR
                0x0000000008004f24       0x36 Middlewares/Third_Party/FreeRTOS/Source/queue.o
                0x0000000008004f24                uxQueueMessagesWaitingFromISR
 .text.vQueueDelete
                0x0000000008004f5a       0x3a Middlewares/Third_Party/FreeRTOS/Source/queue.o
                0x0000000008004f5a                vQueueDelete
 .text.prvGetDisinheritPriorityAfterTimeout
                0x0000000008004f94       0x30 Middlewares/Third_Party/FreeRTOS/Source/queue.o
 .text.prvCopyDataToQueue
                0x0000000008004fc4       0xd4 Middlewares/Third_Party/FreeRTOS/Source/queue.o
 .text.prvCopyDataFromQueue
                0x0000000008005098       0x4c Middlewares/Third_Party/FreeRTOS/Source/queue.o
 .text.prvUnlockQueue
                0x00000000080050e4       0xa4 Middlewares/Third_Party/FreeRTOS/Source/queue.o
 .text.prvIsQueueEmpty
                0x0000000008005188       0x2c Middlewares/Third_Party/FreeRTOS/Source/queue.o
 .text.prvIsQueueFull
                0x00000000080051b4       0x30 Middlewares/Third_Party/FreeRTOS/Source/queue.o
 .text.vQueueUnregisterQueue
                0x00000000080051e4       0x54 Middlewares/Third_Party/FreeRTOS/Source/queue.o
                0x00000000080051e4                vQueueUnregisterQueue
 .text.xTaskCreate
                0x0000000008005238       0x82 Middlewares/Third_Party/FreeRTOS/Source/tasks.o
                0x0000000008005238                xTaskCreate
 .text.prvInitialiseNewTask
                0x00000000080052ba       0xfc Middlewares/Third_Party/FreeRTOS/Source/tasks.o
 *fill*         0x00000000080053b6        0x2 
 .text.prvAddNewTaskToReadyList
                0x00000000080053b8       0xb8 Middlewares/Third_Party/FreeRTOS/Source/tasks.o
 .text.vTaskDelay
                0x0000000008005470       0x68 Middlewares/Third_Party/FreeRTOS/Source/tasks.o
                0x0000000008005470                vTaskDelay
 .text.vTaskStartScheduler
                0x00000000080054d8       0x8c Middlewares/Third_Party/FreeRTOS/Source/tasks.o
                0x00000000080054d8                vTaskStartScheduler
 .text.vTaskSuspendAll
                0x0000000008005564       0x1c Middlewares/Third_Party/FreeRTOS/Source/tasks.o
                0x0000000008005564                vTaskSuspendAll
 .text.xTaskResumeAll
                0x0000000008005580      0x11c Middlewares/Third_Party/FreeRTOS/Source/tasks.o
                0x0000000008005580                xTaskResumeAll
 .text.xTaskGetTickCount
                0x000000000800569c       0x20 Middlewares/Third_Party/FreeRTOS/Source/tasks.o
                0x000000000800569c                xTaskGetTickCount
 .text.xTaskGetTickCountFromISR
                0x00000000080056bc       0x24 Middlewares/Third_Party/FreeRTOS/Source/tasks.o
                0x00000000080056bc                xTaskGetTickCountFromISR
 .text.xTaskIncrementTick
                0x00000000080056e0      0x134 Middlewares/Third_Party/FreeRTOS/Source/tasks.o
                0x00000000080056e0                xTaskIncrementTick
 .text.vTaskSwitchContext
                0x0000000008005814       0xb4 Middlewares/Third_Party/FreeRTOS/Source/tasks.o
                0x0000000008005814                vTaskSwitchContext
 .text.vTaskPlaceOnEventList
                0x00000000080058c8       0x48 Middlewares/Third_Party/FreeRTOS/Source/tasks.o
                0x00000000080058c8                vTaskPlaceOnEventList
 .text.xTaskRemoveFromEventList
                0x0000000008005910       0xc4 Middlewares/Third_Party/FreeRTOS/Source/tasks.o
                0x0000000008005910                xTaskRemoveFromEventList
 .text.vTaskInternalSetTimeOutState
                0x00000000080059d4       0x2c Middlewares/Third_Party/FreeRTOS/Source/tasks.o
                0x00000000080059d4                vTaskInternalSetTimeOutState
 .text.xTaskCheckForTimeOut
                0x0000000008005a00       0xc0 Middlewares/Third_Party/FreeRTOS/Source/tasks.o
                0x0000000008005a00                xTaskCheckForTimeOut
 .text.vTaskMissedYield
                0x0000000008005ac0       0x18 Middlewares/Third_Party/FreeRTOS/Source/tasks.o
                0x0000000008005ac0                vTaskMissedYield
 .text.prvIdleTask
                0x0000000008005ad8       0x24 Middlewares/Third_Party/FreeRTOS/Source/tasks.o
 .text.prvInitialiseTaskLists
                0x0000000008005afc       0x80 Middlewares/Third_Party/FreeRTOS/Source/tasks.o
 .text.prvCheckTasksWaitingTermination
                0x0000000008005b7c       0x58 Middlewares/Third_Party/FreeRTOS/Source/tasks.o
 .text.prvDeleteTCB
                0x0000000008005bd4       0x20 Middlewares/Third_Party/FreeRTOS/Source/tasks.o
 .text.prvResetNextTaskUnblockTime
                0x0000000008005bf4       0x4c Middlewares/Third_Party/FreeRTOS/Source/tasks.o
 .text.xTaskGetSchedulerState
                0x0000000008005c40       0x3c Middlewares/Third_Party/FreeRTOS/Source/tasks.o
                0x0000000008005c40                xTaskGetSchedulerState
 .text.xTaskPriorityInherit
                0x0000000008005c7c      0x10c Middlewares/Third_Party/FreeRTOS/Source/tasks.o
                0x0000000008005c7c                xTaskPriorityInherit
 .text.xTaskPriorityDisinherit
                0x0000000008005d88      0x108 Middlewares/Third_Party/FreeRTOS/Source/tasks.o
                0x0000000008005d88                xTaskPriorityDisinherit
 .text.vTaskPriorityDisinheritAfterTimeout
                0x0000000008005e90      0x13c Middlewares/Third_Party/FreeRTOS/Source/tasks.o
                0x0000000008005e90                vTaskPriorityDisinheritAfterTimeout
 .text.pvTaskIncrementMutexHeldCount
                0x0000000008005fcc       0x28 Middlewares/Third_Party/FreeRTOS/Source/tasks.o
                0x0000000008005fcc                pvTaskIncrementMutexHeldCount
 .text.prvAddCurrentTaskToDelayedList
                0x0000000008005ff4       0xcc Middlewares/Third_Party/FreeRTOS/Source/tasks.o
 .text.netconn_apimsg
                0x00000000080060c0       0x3a Middlewares/Third_Party/LwIP/src/api/api_lib.o
 *fill*         0x00000000080060fa        0x2 
 .text.netconn_new_with_proto_and_callback
                0x00000000080060fc       0xf4 Middlewares/Third_Party/LwIP/src/api/api_lib.o
                0x00000000080060fc                netconn_new_with_proto_and_callback
 .text.netconn_delete
                0x00000000080061f0       0x4c Middlewares/Third_Party/LwIP/src/api/api_lib.o
                0x00000000080061f0                netconn_delete
 .text.netconn_getaddr
                0x000000000800623c       0xa0 Middlewares/Third_Party/LwIP/src/api/api_lib.o
                0x000000000800623c                netconn_getaddr
 .text.netconn_connect
                0x00000000080062dc       0x70 Middlewares/Third_Party/LwIP/src/api/api_lib.o
                0x00000000080062dc                netconn_connect
 .text.netconn_disconnect
                0x000000000800634c       0x54 Middlewares/Third_Party/LwIP/src/api/api_lib.o
                0x000000000800634c                netconn_disconnect
 .text.netconn_recv_data
                0x00000000080063a0      0x1a4 Middlewares/Third_Party/LwIP/src/api/api_lib.o
 .text.netconn_recv_tcp_pbuf
                0x0000000008006544       0x50 Middlewares/Third_Party/LwIP/src/api/api_lib.o
                0x0000000008006544                netconn_recv_tcp_pbuf
 .text.netconn_recv
                0x0000000008006594       0xf0 Middlewares/Third_Party/LwIP/src/api/api_lib.o
                0x0000000008006594                netconn_recv
 .text.netconn_send
                0x0000000008006684       0x58 Middlewares/Third_Party/LwIP/src/api/api_lib.o
                0x0000000008006684                netconn_send
 .text.netconn_write_partly
                0x00000000080066dc       0xf0 Middlewares/Third_Party/LwIP/src/api/api_lib.o
                0x00000000080066dc                netconn_write_partly
 .text.netconn_close_shutdown
                0x00000000080067cc       0x60 Middlewares/Third_Party/LwIP/src/api/api_lib.o
 .text.recv_udp
                0x000000000800682c       0xfc Middlewares/Third_Party/LwIP/src/api/api_msg.o
 .text.recv_tcp
                0x0000000008006928      0x110 Middlewares/Third_Party/LwIP/src/api/api_msg.o
 .text.poll_tcp
                0x0000000008006a38       0xc4 Middlewares/Third_Party/LwIP/src/api/api_msg.o
 .text.sent_tcp
                0x0000000008006afc       0xa4 Middlewares/Third_Party/LwIP/src/api/api_msg.o
 .text.err_tcp  0x0000000008006ba0      0x1e0 Middlewares/Third_Party/LwIP/src/api/api_msg.o
 .text.setup_tcp
                0x0000000008006d80       0x50 Middlewares/Third_Party/LwIP/src/api/api_msg.o
 .text.pcb_new  0x0000000008006dd0       0xd4 Middlewares/Third_Party/LwIP/src/api/api_msg.o
 .text.lwip_netconn_do_newconn
                0x0000000008006ea4       0x64 Middlewares/Third_Party/LwIP/src/api/api_msg.o
                0x0000000008006ea4                lwip_netconn_do_newconn
 .text.netconn_alloc
                0x0000000008006f08       0xe0 Middlewares/Third_Party/LwIP/src/api/api_msg.o
                0x0000000008006f08                netconn_alloc
 .text.netconn_free
                0x0000000008006fe8       0x94 Middlewares/Third_Party/LwIP/src/api/api_msg.o
                0x0000000008006fe8                netconn_free
 .text.netconn_drain
                0x000000000800707c      0x100 Middlewares/Third_Party/LwIP/src/api/api_msg.o
 .text.lwip_netconn_do_close_internal
                0x000000000800717c      0x2e4 Middlewares/Third_Party/LwIP/src/api/api_msg.o
 .text.lwip_netconn_do_delconn
                0x0000000008007460      0x1b4 Middlewares/Third_Party/LwIP/src/api/api_msg.o
                0x0000000008007460                lwip_netconn_do_delconn
 .text.lwip_netconn_do_connected
                0x0000000008007614      0x144 Middlewares/Third_Party/LwIP/src/api/api_msg.o
 .text.lwip_netconn_do_connect
                0x0000000008007758      0x16c Middlewares/Third_Party/LwIP/src/api/api_msg.o
                0x0000000008007758                lwip_netconn_do_connect
 .text.lwip_netconn_do_disconnect
                0x00000000080078c4       0x76 Middlewares/Third_Party/LwIP/src/api/api_msg.o
                0x00000000080078c4                lwip_netconn_do_disconnect
 .text.lwip_netconn_do_send
                0x000000000800793a       0xda Middlewares/Third_Party/LwIP/src/api/api_msg.o
                0x000000000800793a                lwip_netconn_do_send
 .text.lwip_netconn_do_recv
                0x0000000008007a14       0xa4 Middlewares/Third_Party/LwIP/src/api/api_msg.o
                0x0000000008007a14                lwip_netconn_do_recv
 .text.lwip_netconn_do_writemore
                0x0000000008007ab8      0x334 Middlewares/Third_Party/LwIP/src/api/api_msg.o
 .text.lwip_netconn_do_write
                0x0000000008007dec      0x10c Middlewares/Third_Party/LwIP/src/api/api_msg.o
                0x0000000008007dec                lwip_netconn_do_write
 .text.lwip_netconn_do_getaddr
                0x0000000008007ef8      0x144 Middlewares/Third_Party/LwIP/src/api/api_msg.o
                0x0000000008007ef8                lwip_netconn_do_getaddr
 .text.lwip_netconn_do_close
                0x000000000800803c       0xfc Middlewares/Third_Party/LwIP/src/api/api_msg.o
                0x000000000800803c                lwip_netconn_do_close
 .text.err_to_errno
                0x0000000008008138       0x3c Middlewares/Third_Party/LwIP/src/api/err.o
                0x0000000008008138                err_to_errno
 .text.netbuf_delete
                0x0000000008008174       0x3e Middlewares/Third_Party/LwIP/src/api/netbuf.o
                0x0000000008008174                netbuf_delete
 *fill*         0x00000000080081b2        0x2 
 .text.netbuf_free
                0x00000000080081b4       0x50 Middlewares/Third_Party/LwIP/src/api/netbuf.o
                0x00000000080081b4                netbuf_free
 .text.netbuf_ref
                0x0000000008008204       0x94 Middlewares/Third_Party/LwIP/src/api/netbuf.o
                0x0000000008008204                netbuf_ref
 .text.get_socket
                0x0000000008008298       0x58 Middlewares/Third_Party/LwIP/src/api/sockets.o
 .text.alloc_socket
                0x00000000080082f0      0x110 Middlewares/Third_Party/LwIP/src/api/sockets.o
 .text.lwip_connect
                0x0000000008008400      0x118 Middlewares/Third_Party/LwIP/src/api/sockets.o
                0x0000000008008400                lwip_connect
 .text.lwip_recvfrom
                0x0000000008008518      0x370 Middlewares/Third_Party/LwIP/src/api/sockets.o
                0x0000000008008518                lwip_recvfrom
 .text.lwip_recv
                0x0000000008008888       0x2c Middlewares/Third_Party/LwIP/src/api/sockets.o
                0x0000000008008888                lwip_recv
 .text.lwip_send
                0x00000000080088b4       0xc8 Middlewares/Third_Party/LwIP/src/api/sockets.o
                0x00000000080088b4                lwip_send
 .text.lwip_sendto
                0x000000000800897c      0x168 Middlewares/Third_Party/LwIP/src/api/sockets.o
                0x000000000800897c                lwip_sendto
 .text.lwip_socket
                0x0000000008008ae4       0xb0 Middlewares/Third_Party/LwIP/src/api/sockets.o
                0x0000000008008ae4                lwip_socket
 .text.event_callback
                0x0000000008008b94      0x20c Middlewares/Third_Party/LwIP/src/api/sockets.o
 .text.tcpip_thread
                0x0000000008008da0       0xf8 Middlewares/Third_Party/LwIP/src/api/tcpip.o
 .text.tcpip_inpkt
                0x0000000008008e98       0x88 Middlewares/Third_Party/LwIP/src/api/tcpip.o
                0x0000000008008e98                tcpip_inpkt
 .text.tcpip_input
                0x0000000008008f20       0x44 Middlewares/Third_Party/LwIP/src/api/tcpip.o
                0x0000000008008f20                tcpip_input
 .text.tcpip_callback_with_block
                0x0000000008008f64       0x94 Middlewares/Third_Party/LwIP/src/api/tcpip.o
                0x0000000008008f64                tcpip_callback_with_block
 .text.tcpip_send_msg_wait_sem
                0x0000000008008ff8       0x80 Middlewares/Third_Party/LwIP/src/api/tcpip.o
                0x0000000008008ff8                tcpip_send_msg_wait_sem
 .text.tcpip_init
                0x0000000008009078       0x70 Middlewares/Third_Party/LwIP/src/api/tcpip.o
                0x0000000008009078                tcpip_init
 .text.lwip_htons
                0x00000000080090e8       0x1c Middlewares/Third_Party/LwIP/src/core/def.o
                0x00000000080090e8                lwip_htons
 .text.lwip_htonl
                0x0000000008009104       0x32 Middlewares/Third_Party/LwIP/src/core/def.o
                0x0000000008009104                lwip_htonl
 .text.lwip_init
                0x0000000008009136       0x2e Middlewares/Third_Party/LwIP/src/core/init.o
                0x0000000008009136                lwip_init
 .text.etharp_free_entry
                0x0000000008009164       0x64 Middlewares/Third_Party/LwIP/src/core/ipv4/etharp.o
 .text.etharp_tmr
                0x00000000080091c8      0x150 Middlewares/Third_Party/LwIP/src/core/ipv4/etharp.o
                0x00000000080091c8                etharp_tmr
 .text.etharp_find_entry
                0x0000000008009318      0x294 Middlewares/Third_Party/LwIP/src/core/ipv4/etharp.o
 .text.etharp_update_arp_entry
                0x00000000080095ac      0x14c Middlewares/Third_Party/LwIP/src/core/ipv4/etharp.o
 .text.etharp_cleanup_netif
                0x00000000080096f8       0x60 Middlewares/Third_Party/LwIP/src/core/ipv4/etharp.o
                0x00000000080096f8                etharp_cleanup_netif
 .text.etharp_input
                0x0000000008009758      0x114 Middlewares/Third_Party/LwIP/src/core/ipv4/etharp.o
                0x0000000008009758                etharp_input
 .text.etharp_output_to_arp_index
                0x000000000800986c      0x134 Middlewares/Third_Party/LwIP/src/core/ipv4/etharp.o
 .text.etharp_output
                0x00000000080099a0      0x1dc Middlewares/Third_Party/LwIP/src/core/ipv4/etharp.o
                0x00000000080099a0                etharp_output
 .text.etharp_query
                0x0000000008009b7c      0x294 Middlewares/Third_Party/LwIP/src/core/ipv4/etharp.o
                0x0000000008009b7c                etharp_query
 .text.etharp_raw
                0x0000000008009e10      0x118 Middlewares/Third_Party/LwIP/src/core/ipv4/etharp.o
 .text.etharp_request_dst
                0x0000000008009f28       0x44 Middlewares/Third_Party/LwIP/src/core/ipv4/etharp.o
 .text.etharp_request
                0x0000000008009f6c       0x24 Middlewares/Third_Party/LwIP/src/core/ipv4/etharp.o
                0x0000000008009f6c                etharp_request
 .text.icmp_input
                0x0000000008009f90      0x20c Middlewares/Third_Party/LwIP/src/core/ipv4/icmp.o
                0x0000000008009f90                icmp_input
 .text.icmp_dest_unreach
                0x000000000800a19c       0x20 Middlewares/Third_Party/LwIP/src/core/ipv4/icmp.o
                0x000000000800a19c                icmp_dest_unreach
 .text.icmp_time_exceeded
                0x000000000800a1bc       0x20 Middlewares/Third_Party/LwIP/src/core/ipv4/icmp.o
                0x000000000800a1bc                icmp_time_exceeded
 .text.icmp_send_response
                0x000000000800a1dc       0xd0 Middlewares/Third_Party/LwIP/src/core/ipv4/icmp.o
 .text.ip4_route
                0x000000000800a2ac       0xd0 Middlewares/Third_Party/LwIP/src/core/ipv4/ip4.o
                0x000000000800a2ac                ip4_route
 .text.ip4_input
                0x000000000800a37c      0x278 Middlewares/Third_Party/LwIP/src/core/ipv4/ip4.o
                0x000000000800a37c                ip4_input
 .text.ip4_output_if
                0x000000000800a5f4       0x54 Middlewares/Third_Party/LwIP/src/core/ipv4/ip4.o
                0x000000000800a5f4                ip4_output_if
 .text.ip4_output_if_src
                0x000000000800a648      0x150 Middlewares/Third_Party/LwIP/src/core/ipv4/ip4.o
                0x000000000800a648                ip4_output_if_src
 .text.ip4_addr_isbroadcast_u32
                0x000000000800a798       0x82 Middlewares/Third_Party/LwIP/src/core/ipv4/ip4_addr.o
                0x000000000800a798                ip4_addr_isbroadcast_u32
 .text.ipaddr_addr
                0x000000000800a81a       0x2a Middlewares/Third_Party/LwIP/src/core/ipv4/ip4_addr.o
                0x000000000800a81a                ipaddr_addr
 .text.ip4addr_aton
                0x000000000800a844      0x280 Middlewares/Third_Party/LwIP/src/core/ipv4/ip4_addr.o
                0x000000000800a844                ip4addr_aton
 .text.ip_reass_tmr
                0x000000000800aac4       0x58 Middlewares/Third_Party/LwIP/src/core/ipv4/ip4_frag.o
                0x000000000800aac4                ip_reass_tmr
 .text.ip_reass_free_complete_datagram
                0x000000000800ab1c      0x148 Middlewares/Third_Party/LwIP/src/core/ipv4/ip4_frag.o
 .text.ip_reass_remove_oldest_datagram
                0x000000000800ac64       0xc4 Middlewares/Third_Party/LwIP/src/core/ipv4/ip4_frag.o
 .text.ip_reass_enqueue_new_datagram
                0x000000000800ad28       0x74 Middlewares/Third_Party/LwIP/src/core/ipv4/ip4_frag.o
 .text.ip_reass_dequeue_datagram
                0x000000000800ad9c       0x5c Middlewares/Third_Party/LwIP/src/core/ipv4/ip4_frag.o
 .text.ip_reass_chain_frag_into_datagram_and_validate
                0x000000000800adf8      0x2d0 Middlewares/Third_Party/LwIP/src/core/ipv4/ip4_frag.o
 .text.ip4_reass
                0x000000000800b0c8      0x2a0 Middlewares/Third_Party/LwIP/src/core/ipv4/ip4_frag.o
                0x000000000800b0c8                ip4_reass
 .text.ip_frag_alloc_pbuf_custom_ref
                0x000000000800b368       0x10 Middlewares/Third_Party/LwIP/src/core/ipv4/ip4_frag.o
 .text.ip_frag_free_pbuf_custom_ref
                0x000000000800b378       0x38 Middlewares/Third_Party/LwIP/src/core/ipv4/ip4_frag.o
 .text.ipfrag_free_pbuf_custom
                0x000000000800b3b0       0x68 Middlewares/Third_Party/LwIP/src/core/ipv4/ip4_frag.o
 .text.ip4_frag
                0x000000000800b418      0x23c Middlewares/Third_Party/LwIP/src/core/ipv4/ip4_frag.o
                0x000000000800b418                ip4_frag
 .text.plug_holes
                0x000000000800b654      0x130 Middlewares/Third_Party/LwIP/src/core/mem.o
 .text.mem_init
                0x000000000800b784       0xa0 Middlewares/Third_Party/LwIP/src/core/mem.o
                0x000000000800b784                mem_init
 .text.mem_free
                0x000000000800b824       0xdc Middlewares/Third_Party/LwIP/src/core/mem.o
                0x000000000800b824                mem_free
 .text.mem_trim
                0x000000000800b900      0x1d4 Middlewares/Third_Party/LwIP/src/core/mem.o
                0x000000000800b900                mem_trim
 .text.mem_malloc
                0x000000000800bad4      0x1e8 Middlewares/Third_Party/LwIP/src/core/mem.o
                0x000000000800bad4                mem_malloc
 .text.memp_init_pool
                0x000000000800bcbc       0x5e Middlewares/Third_Party/LwIP/src/core/memp.o
                0x000000000800bcbc                memp_init_pool
 *fill*         0x000000000800bd1a        0x2 
 .text.memp_init
                0x000000000800bd1c       0x34 Middlewares/Third_Party/LwIP/src/core/memp.o
                0x000000000800bd1c                memp_init
 .text.do_memp_malloc_pool
                0x000000000800bd50       0x64 Middlewares/Third_Party/LwIP/src/core/memp.o
 .text.memp_malloc
                0x000000000800bdb4       0x4c Middlewares/Third_Party/LwIP/src/core/memp.o
                0x000000000800bdb4                memp_malloc
 .text.do_memp_free_pool
                0x000000000800be00       0x58 Middlewares/Third_Party/LwIP/src/core/memp.o
 .text.memp_free
                0x000000000800be58       0x54 Middlewares/Third_Party/LwIP/src/core/memp.o
                0x000000000800be58                memp_free
 .text.netif_init
                0x000000000800beac        0xe Middlewares/Third_Party/LwIP/src/core/netif.o
                0x000000000800beac                netif_init
 *fill*         0x000000000800beba        0x2 
 .text.netif_add
                0x000000000800bebc       0xa8 Middlewares/Third_Party/LwIP/src/core/netif.o
                0x000000000800bebc                netif_add
 .text.netif_set_addr
                0x000000000800bf64       0x56 Middlewares/Third_Party/LwIP/src/core/netif.o
                0x000000000800bf64                netif_set_addr
 *fill*         0x000000000800bfba        0x2 
 .text.netif_set_ipaddr
                0x000000000800bfbc       0x70 Middlewares/Third_Party/LwIP/src/core/netif.o
                0x000000000800bfbc                netif_set_ipaddr
 .text.netif_set_gw
                0x000000000800c02c       0x28 Middlewares/Third_Party/LwIP/src/core/netif.o
                0x000000000800c02c                netif_set_gw
 .text.netif_set_netmask
                0x000000000800c054       0x28 Middlewares/Third_Party/LwIP/src/core/netif.o
                0x000000000800c054                netif_set_netmask
 .text.netif_set_default
                0x000000000800c07c       0x20 Middlewares/Third_Party/LwIP/src/core/netif.o
                0x000000000800c07c                netif_set_default
 .text.netif_set_up
                0x000000000800c09c       0x46 Middlewares/Third_Party/LwIP/src/core/netif.o
                0x000000000800c09c                netif_set_up
 .text.netif_issue_reports
                0x000000000800c0e2       0x42 Middlewares/Third_Party/LwIP/src/core/netif.o
 .text.netif_set_down
                0x000000000800c124       0x44 Middlewares/Third_Party/LwIP/src/core/netif.o
                0x000000000800c124                netif_set_down
 .text.pbuf_free_ooseq
                0x000000000800c168       0x54 Middlewares/Third_Party/LwIP/src/core/pbuf.o
 .text.pbuf_free_ooseq_callback
                0x000000000800c1bc       0x14 Middlewares/Third_Party/LwIP/src/core/pbuf.o
 .text.pbuf_pool_is_empty
                0x000000000800c1d0       0x58 Middlewares/Third_Party/LwIP/src/core/pbuf.o
 .text.pbuf_alloc
                0x000000000800c228      0x328 Middlewares/Third_Party/LwIP/src/core/pbuf.o
                0x000000000800c228                pbuf_alloc
 .text.pbuf_alloced_custom
                0x000000000800c550       0xd4 Middlewares/Third_Party/LwIP/src/core/pbuf.o
                0x000000000800c550                pbuf_alloced_custom
 .text.pbuf_realloc
                0x000000000800c624      0x15c Middlewares/Third_Party/LwIP/src/core/pbuf.o
                0x000000000800c624                pbuf_realloc
 .text.pbuf_header_impl
                0x000000000800c780      0x144 Middlewares/Third_Party/LwIP/src/core/pbuf.o
 .text.pbuf_header
                0x000000000800c8c4       0x24 Middlewares/Third_Party/LwIP/src/core/pbuf.o
                0x000000000800c8c4                pbuf_header
 .text.pbuf_header_force
                0x000000000800c8e8       0x24 Middlewares/Third_Party/LwIP/src/core/pbuf.o
                0x000000000800c8e8                pbuf_header_force
 .text.pbuf_free
                0x000000000800c90c      0x134 Middlewares/Third_Party/LwIP/src/core/pbuf.o
                0x000000000800c90c                pbuf_free
 .text.pbuf_clen
                0x000000000800ca40       0x2e Middlewares/Third_Party/LwIP/src/core/pbuf.o
                0x000000000800ca40                pbuf_clen
 *fill*         0x000000000800ca6e        0x2 
 .text.pbuf_ref
                0x000000000800ca70       0x50 Middlewares/Third_Party/LwIP/src/core/pbuf.o
                0x000000000800ca70                pbuf_ref
 .text.pbuf_cat
                0x000000000800cac0       0xac Middlewares/Third_Party/LwIP/src/core/pbuf.o
                0x000000000800cac0                pbuf_cat
 .text.pbuf_chain
                0x000000000800cb6c       0x20 Middlewares/Third_Party/LwIP/src/core/pbuf.o
                0x000000000800cb6c                pbuf_chain
 .text.pbuf_copy
                0x000000000800cb8c      0x198 Middlewares/Third_Party/LwIP/src/core/pbuf.o
                0x000000000800cb8c                pbuf_copy
 .text.pbuf_copy_partial
                0x000000000800cd24       0xf4 Middlewares/Third_Party/LwIP/src/core/pbuf.o
                0x000000000800cd24                pbuf_copy_partial
 .text.tcp_init
                0x000000000800ce18        0xe Middlewares/Third_Party/LwIP/src/core/tcp.o
                0x000000000800ce18                tcp_init
 *fill*         0x000000000800ce26        0x2 
 .text.tcp_tmr  0x000000000800ce28       0x2c Middlewares/Third_Party/LwIP/src/core/tcp.o
                0x000000000800ce28                tcp_tmr
 .text.tcp_remove_listener
                0x000000000800ce54       0x38 Middlewares/Third_Party/LwIP/src/core/tcp.o
 .text.tcp_listen_closed
                0x000000000800ce8c       0x70 Middlewares/Third_Party/LwIP/src/core/tcp.o
 .text.tcp_close_shutdown
                0x000000000800cefc      0x1cc Middlewares/Third_Party/LwIP/src/core/tcp.o
 .text.tcp_close_shutdown_fin
                0x000000000800d0c8       0xcc Middlewares/Third_Party/LwIP/src/core/tcp.o
 .text.tcp_close
                0x000000000800d194       0x30 Middlewares/Third_Party/LwIP/src/core/tcp.o
                0x000000000800d194                tcp_close
 .text.tcp_shutdown
                0x000000000800d1c4       0x8e Middlewares/Third_Party/LwIP/src/core/tcp.o
                0x000000000800d1c4                tcp_shutdown
 *fill*         0x000000000800d252        0x2 
 .text.tcp_abandon
                0x000000000800d254      0x164 Middlewares/Third_Party/LwIP/src/core/tcp.o
                0x000000000800d254                tcp_abandon
 .text.tcp_abort
                0x000000000800d3b8       0x18 Middlewares/Third_Party/LwIP/src/core/tcp.o
                0x000000000800d3b8                tcp_abort
 .text.tcp_update_rcv_ann_wnd
                0x000000000800d3d0       0xa0 Middlewares/Third_Party/LwIP/src/core/tcp.o
                0x000000000800d3d0                tcp_update_rcv_ann_wnd
 .text.tcp_recved
                0x000000000800d470       0xb4 Middlewares/Third_Party/LwIP/src/core/tcp.o
                0x000000000800d470                tcp_recved
 .text.tcp_new_port
                0x000000000800d524       0x88 Middlewares/Third_Party/LwIP/src/core/tcp.o
 .text.tcp_connect
                0x000000000800d5ac      0x1e8 Middlewares/Third_Party/LwIP/src/core/tcp.o
                0x000000000800d5ac                tcp_connect
 .text.tcp_slowtmr
                0x000000000800d794      0x580 Middlewares/Third_Party/LwIP/src/core/tcp.o
                0x000000000800d794                tcp_slowtmr
 .text.tcp_fasttmr
                0x000000000800dd14       0xc8 Middlewares/Third_Party/LwIP/src/core/tcp.o
                0x000000000800dd14                tcp_fasttmr
 .text.tcp_process_refused_data
                0x000000000800dddc       0xd2 Middlewares/Third_Party/LwIP/src/core/tcp.o
                0x000000000800dddc                tcp_process_refused_data
 .text.tcp_segs_free
                0x000000000800deae       0x28 Middlewares/Third_Party/LwIP/src/core/tcp.o
                0x000000000800deae                tcp_segs_free
 .text.tcp_seg_free
                0x000000000800ded6       0x30 Middlewares/Third_Party/LwIP/src/core/tcp.o
                0x000000000800ded6                tcp_seg_free
 .text.tcp_seg_copy
                0x000000000800df06       0x38 Middlewares/Third_Party/LwIP/src/core/tcp.o
                0x000000000800df06                tcp_seg_copy
 .text.tcp_recv_null
                0x000000000800df3e       0x44 Middlewares/Third_Party/LwIP/src/core/tcp.o
                0x000000000800df3e                tcp_recv_null
 *fill*         0x000000000800df82        0x2 
 .text.tcp_kill_prio
                0x000000000800df84       0x84 Middlewares/Third_Party/LwIP/src/core/tcp.o
 .text.tcp_kill_state
                0x000000000800e008       0x94 Middlewares/Third_Party/LwIP/src/core/tcp.o
 .text.tcp_kill_timewait
                0x000000000800e09c       0x60 Middlewares/Third_Party/LwIP/src/core/tcp.o
 .text.tcp_alloc
                0x000000000800e0fc      0x104 Middlewares/Third_Party/LwIP/src/core/tcp.o
                0x000000000800e0fc                tcp_alloc
 .text.tcp_new_ip_type
                0x000000000800e200       0x1c Middlewares/Third_Party/LwIP/src/core/tcp.o
                0x000000000800e200                tcp_new_ip_type
 .text.tcp_arg  0x000000000800e21c       0x22 Middlewares/Third_Party/LwIP/src/core/tcp.o
                0x000000000800e21c                tcp_arg
 *fill*         0x000000000800e23e        0x2 
 .text.tcp_recv
                0x000000000800e240       0x44 Middlewares/Third_Party/LwIP/src/core/tcp.o
                0x000000000800e240                tcp_recv
 .text.tcp_sent
                0x000000000800e284       0x40 Middlewares/Third_Party/LwIP/src/core/tcp.o
                0x000000000800e284                tcp_sent
 .text.tcp_err  0x000000000800e2c4       0x44 Middlewares/Third_Party/LwIP/src/core/tcp.o
                0x000000000800e2c4                tcp_err
 .text.tcp_accept
                0x000000000800e308       0x2e Middlewares/Third_Party/LwIP/src/core/tcp.o
                0x000000000800e308                tcp_accept
 *fill*         0x000000000800e336        0x2 
 .text.tcp_poll
                0x000000000800e338       0x48 Middlewares/Third_Party/LwIP/src/core/tcp.o
                0x000000000800e338                tcp_poll
 .text.tcp_pcb_purge
                0x000000000800e380       0x82 Middlewares/Third_Party/LwIP/src/core/tcp.o
                0x000000000800e380                tcp_pcb_purge
 *fill*         0x000000000800e402        0x2 
 .text.tcp_pcb_remove
                0x000000000800e404       0xf8 Middlewares/Third_Party/LwIP/src/core/tcp.o
                0x000000000800e404                tcp_pcb_remove
 .text.tcp_next_iss
                0x000000000800e4fc       0x30 Middlewares/Third_Party/LwIP/src/core/tcp.o
                0x000000000800e4fc                tcp_next_iss
 .text.tcp_eff_send_mss_impl
                0x000000000800e52c       0x48 Middlewares/Third_Party/LwIP/src/core/tcp.o
                0x000000000800e52c                tcp_eff_send_mss_impl
 .text.tcp_netif_ip_addr_changed_pcblist
                0x000000000800e574       0x42 Middlewares/Third_Party/LwIP/src/core/tcp.o
 *fill*         0x000000000800e5b6        0x2 
 .text.tcp_netif_ip_addr_changed
                0x000000000800e5b8       0x80 Middlewares/Third_Party/LwIP/src/core/tcp.o
                0x000000000800e5b8                tcp_netif_ip_addr_changed
 .text.tcp_input
                0x000000000800e638      0x780 Middlewares/Third_Party/LwIP/src/core/tcp_in.o
                0x000000000800e638                tcp_input
 .text.tcp_input_delayed_close
                0x000000000800edb8       0x64 Middlewares/Third_Party/LwIP/src/core/tcp_in.o
 .text.tcp_listen_input
                0x000000000800ee1c      0x1c4 Middlewares/Third_Party/LwIP/src/core/tcp_in.o
 .text.tcp_timewait_input
                0x000000000800efe0       0xd0 Middlewares/Third_Party/LwIP/src/core/tcp_in.o
 .text.tcp_process
                0x000000000800f0b0      0x774 Middlewares/Third_Party/LwIP/src/core/tcp_in.o
 .text.tcp_oos_insert_segment
                0x000000000800f824       0xec Middlewares/Third_Party/LwIP/src/core/tcp_in.o
 .text.tcp_receive
                0x000000000800f910      0xff4 Middlewares/Third_Party/LwIP/src/core/tcp_in.o
 .text.tcp_getoptbyte
                0x0000000008010904       0x78 Middlewares/Third_Party/LwIP/src/core/tcp_in.o
 .text.tcp_parseopt
                0x000000000801097c       0xc8 Middlewares/Third_Party/LwIP/src/core/tcp_in.o
 .text.tcp_trigger_input_pcb_close
                0x0000000008010a44       0x20 Middlewares/Third_Party/LwIP/src/core/tcp_in.o
                0x0000000008010a44                tcp_trigger_input_pcb_close
 .text.tcp_output_alloc_header
                0x0000000008010a64       0xf8 Middlewares/Third_Party/LwIP/src/core/tcp_out.o
 .text.tcp_send_fin
                0x0000000008010b5c       0x7c Middlewares/Third_Party/LwIP/src/core/tcp_out.o
                0x0000000008010b5c                tcp_send_fin
 .text.tcp_create_segment
                0x0000000008010bd8      0x114 Middlewares/Third_Party/LwIP/src/core/tcp_out.o
 .text.tcp_pbuf_prealloc
                0x0000000008010cec       0xc4 Middlewares/Third_Party/LwIP/src/core/tcp_out.o
 .text.tcp_write_checks
                0x0000000008010db0       0xec Middlewares/Third_Party/LwIP/src/core/tcp_out.o
 .text.tcp_write
                0x0000000008010e9c      0x6b8 Middlewares/Third_Party/LwIP/src/core/tcp_out.o
                0x0000000008010e9c                tcp_write
 .text.tcp_enqueue_flags
                0x0000000008011554      0x1fc Middlewares/Third_Party/LwIP/src/core/tcp_out.o
                0x0000000008011554                tcp_enqueue_flags
 .text.tcp_send_empty_ack
                0x0000000008011750       0xb8 Middlewares/Third_Party/LwIP/src/core/tcp_out.o
                0x0000000008011750                tcp_send_empty_ack
 .text.tcp_output
                0x0000000008011808      0x3d0 Middlewares/Third_Party/LwIP/src/core/tcp_out.o
                0x0000000008011808                tcp_output
 .text.tcp_output_segment
                0x0000000008011bd8      0x140 Middlewares/Third_Party/LwIP/src/core/tcp_out.o
 .text.tcp_rst  0x0000000008011d18       0xec Middlewares/Third_Party/LwIP/src/core/tcp_out.o
                0x0000000008011d18                tcp_rst
 .text.tcp_rexmit_rto
                0x0000000008011e04       0x6c Middlewares/Third_Party/LwIP/src/core/tcp_out.o
                0x0000000008011e04                tcp_rexmit_rto
 .text.tcp_rexmit
                0x0000000008011e70       0xa0 Middlewares/Third_Party/LwIP/src/core/tcp_out.o
                0x0000000008011e70                tcp_rexmit
 .text.tcp_rexmit_fast
                0x0000000008011f10       0xae Middlewares/Third_Party/LwIP/src/core/tcp_out.o
                0x0000000008011f10                tcp_rexmit_fast
 .text.tcp_keepalive
                0x0000000008011fbe       0x7a Middlewares/Third_Party/LwIP/src/core/tcp_out.o
                0x0000000008011fbe                tcp_keepalive
 .text.tcp_zero_window_probe
                0x0000000008012038      0x138 Middlewares/Third_Party/LwIP/src/core/tcp_out.o
                0x0000000008012038                tcp_zero_window_probe
 .text.tcpip_tcp_timer
                0x0000000008012170       0x48 Middlewares/Third_Party/LwIP/src/core/timeouts.o
 .text.tcp_timer_needed
                0x00000000080121b8       0x40 Middlewares/Third_Party/LwIP/src/core/timeouts.o
                0x00000000080121b8                tcp_timer_needed
 .text.cyclic_timer
                0x00000000080121f8       0x2c Middlewares/Third_Party/LwIP/src/core/timeouts.o
 .text.sys_timeouts_init
                0x0000000008012224       0x50 Middlewares/Third_Party/LwIP/src/core/timeouts.o
                0x0000000008012224                sys_timeouts_init
 .text.sys_timeout
                0x0000000008012274      0x148 Middlewares/Third_Party/LwIP/src/core/timeouts.o
                0x0000000008012274                sys_timeout
 .text.sys_check_timeouts
                0x00000000080123bc       0x94 Middlewares/Third_Party/LwIP/src/core/timeouts.o
 .text.sys_timeouts_sleeptime
                0x0000000008012450       0x4c Middlewares/Third_Party/LwIP/src/core/timeouts.o
 .text.sys_timeouts_mbox_fetch
                0x000000000801249c       0x4c Middlewares/Third_Party/LwIP/src/core/timeouts.o
                0x000000000801249c                sys_timeouts_mbox_fetch
 .text.udp_init
                0x00000000080124e8        0xe Middlewares/Third_Party/LwIP/src/core/udp.o
                0x00000000080124e8                udp_init
 *fill*         0x00000000080124f6        0x2 
 .text.udp_new_port
                0x00000000080124f8       0x70 Middlewares/Third_Party/LwIP/src/core/udp.o
 .text.udp_input_local_match
                0x0000000008012568       0x78 Middlewares/Third_Party/LwIP/src/core/udp.o
 .text.udp_input
                0x00000000080125e0      0x1cc Middlewares/Third_Party/LwIP/src/core/udp.o
                0x00000000080125e0                udp_input
 .text.udp_send
                0x00000000080127ac       0x30 Middlewares/Third_Party/LwIP/src/core/udp.o
                0x00000000080127ac                udp_send
 .text.udp_sendto
                0x00000000080127dc       0x54 Middlewares/Third_Party/LwIP/src/core/udp.o
                0x00000000080127dc                udp_sendto
 .text.udp_sendto_if
                0x0000000008012830       0x7a Middlewares/Third_Party/LwIP/src/core/udp.o
                0x0000000008012830                udp_sendto_if
 *fill*         0x00000000080128aa        0x2 
 .text.udp_sendto_if_src
                0x00000000080128ac      0x134 Middlewares/Third_Party/LwIP/src/core/udp.o
                0x00000000080128ac                udp_sendto_if_src
 .text.udp_bind
                0x00000000080129e0       0xe0 Middlewares/Third_Party/LwIP/src/core/udp.o
                0x00000000080129e0                udp_bind
 .text.udp_connect
                0x0000000008012ac0       0xac Middlewares/Third_Party/LwIP/src/core/udp.o
                0x0000000008012ac0                udp_connect
 .text.udp_disconnect
                0x0000000008012b6c       0x2e Middlewares/Third_Party/LwIP/src/core/udp.o
                0x0000000008012b6c                udp_disconnect
 .text.udp_recv
                0x0000000008012b9a       0x24 Middlewares/Third_Party/LwIP/src/core/udp.o
                0x0000000008012b9a                udp_recv
 *fill*         0x0000000008012bbe        0x2 
 .text.udp_remove
                0x0000000008012bc0       0x64 Middlewares/Third_Party/LwIP/src/core/udp.o
                0x0000000008012bc0                udp_remove
 .text.udp_new  0x0000000008012c24       0x2e Middlewares/Third_Party/LwIP/src/core/udp.o
                0x0000000008012c24                udp_new
 .text.udp_new_ip_type
                0x0000000008012c52       0x1a Middlewares/Third_Party/LwIP/src/core/udp.o
                0x0000000008012c52                udp_new_ip_type
 .text.udp_netif_ip_addr_changed
                0x0000000008012c6c       0x60 Middlewares/Third_Party/LwIP/src/core/udp.o
                0x0000000008012c6c                udp_netif_ip_addr_changed
 .text.ethernet_input
                0x0000000008012ccc      0x124 Middlewares/Third_Party/LwIP/src/netif/ethernet.o
                0x0000000008012ccc                ethernet_input
 .text.ethernet_output
                0x0000000008012df0       0x90 Middlewares/Third_Party/LwIP/src/netif/ethernet.o
                0x0000000008012df0                ethernet_output
 .text.sys_mbox_new
                0x0000000008012e80       0x3c Middlewares/Third_Party/LwIP/system/OS/sys_arch.o
                0x0000000008012e80                sys_mbox_new
 .text.sys_mbox_free
                0x0000000008012ebc       0x24 Middlewares/Third_Party/LwIP/system/OS/sys_arch.o
                0x0000000008012ebc                sys_mbox_free
 .text.sys_mbox_post
                0x0000000008012ee0       0x2a Middlewares/Third_Party/LwIP/system/OS/sys_arch.o
                0x0000000008012ee0                sys_mbox_post
 .text.sys_mbox_trypost
                0x0000000008012f0a       0x34 Middlewares/Third_Party/LwIP/system/OS/sys_arch.o
                0x0000000008012f0a                sys_mbox_trypost
 .text.sys_arch_mbox_fetch
                0x0000000008012f3e       0x7e Middlewares/Third_Party/LwIP/system/OS/sys_arch.o
                0x0000000008012f3e                sys_arch_mbox_fetch
 .text.sys_arch_mbox_tryfetch
                0x0000000008012fbc       0x38 Middlewares/Third_Party/LwIP/system/OS/sys_arch.o
                0x0000000008012fbc                sys_arch_mbox_tryfetch
 .text.sys_mbox_valid
                0x0000000008012ff4       0x22 Middlewares/Third_Party/LwIP/system/OS/sys_arch.o
                0x0000000008012ff4                sys_mbox_valid
 .text.sys_mbox_set_invalid
                0x0000000008013016       0x1a Middlewares/Third_Party/LwIP/system/OS/sys_arch.o
                0x0000000008013016                sys_mbox_set_invalid
 .text.sys_sem_new
                0x0000000008013030       0x4c Middlewares/Third_Party/LwIP/system/OS/sys_arch.o
                0x0000000008013030                sys_sem_new
 .text.sys_arch_sem_wait
                0x000000000801307c       0x62 Middlewares/Third_Party/LwIP/system/OS/sys_arch.o
                0x000000000801307c                sys_arch_sem_wait
 .text.sys_sem_signal
                0x00000000080130de       0x1a Middlewares/Third_Party/LwIP/system/OS/sys_arch.o
                0x00000000080130de                sys_sem_signal
 .text.sys_sem_free
                0x00000000080130f8       0x1a Middlewares/Third_Party/LwIP/system/OS/sys_arch.o
                0x00000000080130f8                sys_sem_free
 .text.sys_sem_valid
                0x0000000008013112       0x22 Middlewares/Third_Party/LwIP/system/OS/sys_arch.o
                0x0000000008013112                sys_sem_valid
 .text.sys_sem_set_invalid
                0x0000000008013134       0x1a Middlewares/Third_Party/LwIP/system/OS/sys_arch.o
                0x0000000008013134                sys_sem_set_invalid
 *fill*         0x000000000801314e        0x2 
 .text.sys_init
                0x0000000008013150       0x1c Middlewares/Third_Party/LwIP/system/OS/sys_arch.o
                0x0000000008013150                sys_init
 .text.sys_mutex_new
                0x000000000801316c       0x34 Middlewares/Third_Party/LwIP/system/OS/sys_arch.o
                0x000000000801316c                sys_mutex_new
 .text.sys_mutex_lock
                0x00000000080131a0       0x1e Middlewares/Third_Party/LwIP/system/OS/sys_arch.o
                0x00000000080131a0                sys_mutex_lock
 .text.sys_mutex_unlock
                0x00000000080131be       0x1a Middlewares/Third_Party/LwIP/system/OS/sys_arch.o
                0x00000000080131be                sys_mutex_unlock
 .text.sys_thread_new
                0x00000000080131d8       0x3a Middlewares/Third_Party/LwIP/system/OS/sys_arch.o
                0x00000000080131d8                sys_thread_new
 *fill*         0x0000000008013212        0x2 
 .text.sys_arch_protect
                0x0000000008013214       0x1c Middlewares/Third_Party/LwIP/system/OS/sys_arch.o
                0x0000000008013214                sys_arch_protect
 .text.sys_arch_unprotect
                0x0000000008013230       0x20 Middlewares/Third_Party/LwIP/system/OS/sys_arch.o
                0x0000000008013230                sys_arch_unprotect
 .text.HAL_ETH_MspInit
                0x0000000008013250      0x18c Src/ethernetif.o
                0x0000000008013250                HAL_ETH_MspInit
 .text.HAL_ETH_RxCpltCallback
                0x00000000080133dc       0x20 Src/ethernetif.o
                0x00000000080133dc                HAL_ETH_RxCpltCallback
 .text.low_level_init
                0x00000000080133fc      0x198 Src/ethernetif.o
 .text.low_level_output
                0x0000000008013594      0x13c Src/ethernetif.o
 .text.low_level_input
                0x00000000080136d0      0x164 Src/ethernetif.o
 .text.ethernetif_input
                0x0000000008013834       0x50 Src/ethernetif.o
                0x0000000008013834                ethernetif_input
 .text.ethernetif_init
                0x0000000008013884       0x5c Src/ethernetif.o
                0x0000000008013884                ethernetif_init
 .text.sys_now  0x00000000080138e0        0xe Src/ethernetif.o
                0x00000000080138e0                sys_now
 *fill*         0x00000000080138ee        0x2 
 .text.MX_LWIP_Init
                0x00000000080138f0      0x258 Src/lwip.o
                0x00000000080138f0                MX_LWIP_Init
 .text.main     0x0000000008013b48      0x134 Src/main.o
                0x0000000008013b48                main
 .text.SystemClock_Config
                0x0000000008013c7c       0xd4 Src/main.o
                0x0000000008013c7c                SystemClock_Config
 .text.MX_USART3_UART_Init
                0x0000000008013d50       0x54 Src/main.o
 .text.MX_USB_OTG_FS_PCD_Init
                0x0000000008013da4       0x5c Src/main.o
 .text.MX_GPIO_Init
                0x0000000008013e00      0x188 Src/main.o
 .text.StartDefaultTask
                0x0000000008013f88       0x2c Src/main.o
                0x0000000008013f88                StartDefaultTask
 .text.SocketSendFunct
                0x0000000008013fb4       0x64 Src/main.o
                0x0000000008013fb4                SocketSendFunct
 .text.SocketReceivedFunct
                0x0000000008014018       0x50 Src/main.o
                0x0000000008014018                SocketReceivedFunct
 .text.SocketHandlerFunct
                0x0000000008014068       0x78 Src/main.o
                0x0000000008014068                SocketHandlerFunct
 .text.HAL_TIM_PeriodElapsedCallback
                0x00000000080140e0       0x24 Src/main.o
                0x00000000080140e0                HAL_TIM_PeriodElapsedCallback
 .text.Error_Handler
                0x0000000008014104        0xe Src/main.o
                0x0000000008014104                Error_Handler
 *fill*         0x0000000008014112        0x2 
 .text.HAL_MspInit
                0x0000000008014114       0x58 Src/stm32f4xx_hal_msp.o
                0x0000000008014114                HAL_MspInit
 .text.HAL_UART_MspInit
                0x000000000801416c       0x90 Src/stm32f4xx_hal_msp.o
                0x000000000801416c                HAL_UART_MspInit
 .text.HAL_PCD_MspInit
                0x00000000080141fc       0xb4 Src/stm32f4xx_hal_msp.o
                0x00000000080141fc                HAL_PCD_MspInit
 .text.HAL_InitTick
                0x00000000080142b0       0xb4 Src/stm32f4xx_hal_timebase_tim.o
                0x00000000080142b0                HAL_InitTick
 .text.NMI_Handler
                0x0000000008014364        0xe Src/stm32f4xx_it.o
                0x0000000008014364                NMI_Handler
 .text.HardFault_Handler
                0x0000000008014372        0x6 Src/stm32f4xx_it.o
                0x0000000008014372                HardFault_Handler
 .text.MemManage_Handler
                0x0000000008014378        0x6 Src/stm32f4xx_it.o
                0x0000000008014378                MemManage_Handler
 .text.BusFault_Handler
                0x000000000801437e        0x6 Src/stm32f4xx_it.o
                0x000000000801437e                BusFault_Handler
 .text.UsageFault_Handler
                0x0000000008014384        0x6 Src/stm32f4xx_it.o
                0x0000000008014384                UsageFault_Handler
 .text.DebugMon_Handler
                0x000000000801438a        0xe Src/stm32f4xx_it.o
                0x000000000801438a                DebugMon_Handler
 .text.TIM1_UP_TIM10_IRQHandler
                0x0000000008014398       0x14 Src/stm32f4xx_it.o
                0x0000000008014398                TIM1_UP_TIM10_IRQHandler
 .text.ETH_IRQHandler
                0x00000000080143ac       0x14 Src/stm32f4xx_it.o
                0x00000000080143ac                ETH_IRQHandler
 .text._read    0x00000000080143c0       0x3a Src/syscalls.o
                0x00000000080143c0                _read
 .text._write   0x00000000080143fa       0x38 Src/syscalls.o
                0x00000000080143fa                _write
 *fill*         0x0000000008014432        0x2 
 .text._sbrk    0x0000000008014434       0x5c Src/syscalls.o
                0x0000000008014434                _sbrk
 .text._close   0x0000000008014490       0x18 Src/syscalls.o
                0x0000000008014490                _close
 .text._fstat   0x00000000080144a8       0x20 Src/syscalls.o
                0x00000000080144a8                _fstat
 .text._isatty  0x00000000080144c8       0x16 Src/syscalls.o
                0x00000000080144c8                _isatty
 .text._lseek   0x00000000080144de       0x1a Src/syscalls.o
                0x00000000080144de                _lseek
 .text.SystemInit
                0x00000000080144f8       0x6c Src/system_stm32f4xx.o
                0x00000000080144f8                SystemInit
 .text.Reset_Handler
                0x0000000008014564       0x50 startup/startup_stm32f429xx.o
                0x0000000008014564                Reset_Handler
 .text.Default_Handler
                0x00000000080145b4        0x2 startup/startup_stm32f429xx.o
                0x00000000080145b4                RTC_Alarm_IRQHandler
                0x00000000080145b4                HASH_RNG_IRQHandler
                0x00000000080145b4                EXTI2_IRQHandler
                0x00000000080145b4                TIM8_CC_IRQHandler
                0x00000000080145b4                UART8_IRQHandler
                0x00000000080145b4                SPI4_IRQHandler
                0x00000000080145b4                TIM1_CC_IRQHandler
                0x00000000080145b4                DMA2_Stream5_IRQHandler
                0x00000000080145b4                DMA1_Stream5_IRQHandler
                0x00000000080145b4                PVD_IRQHandler
                0x00000000080145b4                SDIO_IRQHandler
                0x00000000080145b4                TAMP_STAMP_IRQHandler
                0x00000000080145b4                CAN2_RX1_IRQHandler
                0x00000000080145b4                EXTI3_IRQHandler
                0x00000000080145b4                TIM8_TRG_COM_TIM14_IRQHandler
                0x00000000080145b4                TIM8_UP_TIM13_IRQHandler
                0x00000000080145b4                I2C3_ER_IRQHandler
                0x00000000080145b4                EXTI0_IRQHandler
                0x00000000080145b4                I2C2_EV_IRQHandler
                0x00000000080145b4                DMA1_Stream2_IRQHandler
                0x00000000080145b4                CAN1_RX0_IRQHandler
                0x00000000080145b4                FPU_IRQHandler
                0x00000000080145b4                OTG_HS_WKUP_IRQHandler
                0x00000000080145b4                LTDC_ER_IRQHandler
                0x00000000080145b4                CAN2_SCE_IRQHandler
                0x00000000080145b4                DMA2_Stream2_IRQHandler
                0x00000000080145b4                SPI1_IRQHandler
                0x00000000080145b4                TIM6_DAC_IRQHandler
                0x00000000080145b4                TIM1_BRK_TIM9_IRQHandler
                0x00000000080145b4                DCMI_IRQHandler
                0x00000000080145b4                CAN2_RX0_IRQHandler
                0x00000000080145b4                DMA2_Stream3_IRQHandler
                0x00000000080145b4                USART6_IRQHandler
                0x00000000080145b4                USART3_IRQHandler
                0x00000000080145b4                CAN1_RX1_IRQHandler
                0x00000000080145b4                UART5_IRQHandler
                0x00000000080145b4                DMA2_Stream0_IRQHandler
                0x00000000080145b4                TIM4_IRQHandler
                0x00000000080145b4                I2C1_EV_IRQHandler
                0x00000000080145b4                DMA1_Stream6_IRQHandler
                0x00000000080145b4                DMA1_Stream1_IRQHandler
                0x00000000080145b4                UART4_IRQHandler
                0x00000000080145b4                TIM3_IRQHandler
                0x00000000080145b4                RCC_IRQHandler
                0x00000000080145b4                TIM8_BRK_TIM12_IRQHandler
                0x00000000080145b4                Default_Handler
                0x00000000080145b4                EXTI15_10_IRQHandler
                0x00000000080145b4                ADC_IRQHandler
                0x00000000080145b4                DMA1_Stream7_IRQHandler
                0x00000000080145b4                SPI5_IRQHandler
                0x00000000080145b4                TIM7_IRQHandler
                0x00000000080145b4                CAN2_TX_IRQHandler
                0x00000000080145b4                TIM5_IRQHandler
                0x00000000080145b4                DMA2_Stream7_IRQHandler
                0x00000000080145b4                I2C3_EV_IRQHandler
                0x00000000080145b4                EXTI9_5_IRQHandler
                0x00000000080145b4                RTC_WKUP_IRQHandler
                0x00000000080145b4                LTDC_IRQHandler
                0x00000000080145b4                ETH_WKUP_IRQHandler
                0x00000000080145b4                SPI2_IRQHandler
                0x00000000080145b4                OTG_HS_EP1_IN_IRQHandler
                0x00000000080145b4                DMA1_Stream0_IRQHandler
                0x00000000080145b4                CAN1_TX_IRQHandler
                0x00000000080145b4                EXTI4_IRQHandler
                0x00000000080145b4                OTG_HS_EP1_OUT_IRQHandler
                0x00000000080145b4                WWDG_IRQHandler
                0x00000000080145b4                SPI6_IRQHandler
                0x00000000080145b4                TIM2_IRQHandler
                0x00000000080145b4                OTG_FS_WKUP_IRQHandler
                0x00000000080145b4                TIM1_TRG_COM_TIM11_IRQHandler
                0x00000000080145b4                OTG_HS_IRQHandler
                0x00000000080145b4                DMA2D_IRQHandler
                0x00000000080145b4                EXTI1_IRQHandler
                0x00000000080145b4                UART7_IRQHandler
                0x00000000080145b4                USART2_IRQHandler
                0x00000000080145b4                I2C2_ER_IRQHandler
                0x00000000080145b4                DMA2_Stream1_IRQHandler
                0x00000000080145b4                CAN1_SCE_IRQHandler
                0x00000000080145b4                FLASH_IRQHandler
                0x00000000080145b4                DMA2_Stream4_IRQHandler
                0x00000000080145b4                USART1_IRQHandler
                0x00000000080145b4                OTG_FS_IRQHandler
                0x00000000080145b4                SPI3_IRQHandler
                0x00000000080145b4                DMA1_Stream4_IRQHandler
                0x00000000080145b4                I2C1_ER_IRQHandler
                0x00000000080145b4                FMC_IRQHandler
                0x00000000080145b4                DMA2_Stream6_IRQHandler
                0x00000000080145b4                SAI1_IRQHandler
                0x00000000080145b4                DMA1_Stream3_IRQHandler
 *fill*         0x00000000080145b6        0x2 
 .text.__libc_init_array
                0x00000000080145b8       0x48 /opt/stm32_toolchain/AtollicTrueStudio/ARMTools/bin/../lib/gcc/arm-atollic-eabi/6.3.1/../../../../arm-atollic-eabi/lib/armv7e-m/fpu/libc_nano.a(lib_a-init.o)
                0x00000000080145b8                __libc_init_array
 .text.memcmp   0x0000000008014600       0x1e /opt/stm32_toolchain/AtollicTrueStudio/ARMTools/bin/../lib/gcc/arm-atollic-eabi/6.3.1/../../../../arm-atollic-eabi/lib/armv7e-m/fpu/libc_nano.a(lib_a-memcmp.o)
                0x0000000008014600                memcmp
 .text.memcpy   0x000000000801461e       0x16 /opt/stm32_toolchain/AtollicTrueStudio/ARMTools/bin/../lib/gcc/arm-atollic-eabi/6.3.1/../../../../arm-atollic-eabi/lib/armv7e-m/fpu/libc_nano.a(lib_a-memcpy-stub.o)
                0x000000000801461e                memcpy
 .text.memset   0x0000000008014634       0x10 /opt/stm32_toolchain/AtollicTrueStudio/ARMTools/bin/../lib/gcc/arm-atollic-eabi/6.3.1/../../../../arm-atollic-eabi/lib/armv7e-m/fpu/libc_nano.a(lib_a-memset.o)
                0x0000000008014634                memset
 .text.printf   0x0000000008014644       0x30 /opt/stm32_toolchain/AtollicTrueStudio/ARMTools/bin/../lib/gcc/arm-atollic-eabi/6.3.1/../../../../arm-atollic-eabi/lib/armv7e-m/fpu/libc_nano.a(lib_a-printf.o)
                0x0000000008014644                printf
                0x0000000008014644                iprintf
 .text._cleanup_r
                0x0000000008014674        0xc /opt/stm32_toolchain/AtollicTrueStudio/ARMTools/bin/../lib/gcc/arm-atollic-eabi/6.3.1/../../../../arm-atollic-eabi/lib/armv7e-m/fpu/libc_nano.a(lib_a-findfp.o)
                0x0000000008014674                _cleanup_r
 .text.std.isra.0
                0x0000000008014680       0x48 /opt/stm32_toolchain/AtollicTrueStudio/ARMTools/bin/../lib/gcc/arm-atollic-eabi/6.3.1/../../../../arm-atollic-eabi/lib/armv7e-m/fpu/libc_nano.a(lib_a-findfp.o)
 .text.__sfmoreglue
                0x00000000080146c8       0x2c /opt/stm32_toolchain/AtollicTrueStudio/ARMTools/bin/../lib/gcc/arm-atollic-eabi/6.3.1/../../../../arm-atollic-eabi/lib/armv7e-m/fpu/libc_nano.a(lib_a-findfp.o)
                0x00000000080146c8                __sfmoreglue
 .text.__sinit  0x00000000080146f4       0x60 /opt/stm32_toolchain/AtollicTrueStudio/ARMTools/bin/../lib/gcc/arm-atollic-eabi/6.3.1/../../../../arm-atollic-eabi/lib/armv7e-m/fpu/libc_nano.a(lib_a-findfp.o)
                0x00000000080146f4                __sinit
 .text.__sfp    0x0000000008014754       0x78 /opt/stm32_toolchain/AtollicTrueStudio/ARMTools/bin/../lib/gcc/arm-atollic-eabi/6.3.1/../../../../arm-atollic-eabi/lib/armv7e-m/fpu/libc_nano.a(lib_a-findfp.o)
                0x0000000008014754                __sfp
 .text._fwalk_reent
                0x00000000080147cc       0x3c /opt/stm32_toolchain/AtollicTrueStudio/ARMTools/bin/../lib/gcc/arm-atollic-eabi/6.3.1/../../../../arm-atollic-eabi/lib/armv7e-m/fpu/libc_nano.a(lib_a-fwalk.o)
                0x00000000080147cc                _fwalk_reent
 .text._malloc_r
                0x0000000008014808       0xbc /opt/stm32_toolchain/AtollicTrueStudio/ARMTools/bin/../lib/gcc/arm-atollic-eabi/6.3.1/../../../../arm-atollic-eabi/lib/armv7e-m/fpu/libc_nano.a(lib_a-nano-mallocr.o)
                0x0000000008014808                _malloc_r
 .text.__sfputc_r
                0x00000000080148c4       0x30 /opt/stm32_toolchain/AtollicTrueStudio/ARMTools/bin/../lib/gcc/arm-atollic-eabi/6.3.1/../../../../arm-atollic-eabi/lib/armv7e-m/fpu/libc_nano.a(lib_a-nano-vfprintf.o)
 .text.__sfputs_r
                0x00000000080148f4       0x24 /opt/stm32_toolchain/AtollicTrueStudio/ARMTools/bin/../lib/gcc/arm-atollic-eabi/6.3.1/../../../../arm-atollic-eabi/lib/armv7e-m/fpu/libc_nano.a(lib_a-nano-vfprintf.o)
                0x00000000080148f4                __sfputs_r
 .text._vfprintf_r
                0x0000000008014918      0x22c /opt/stm32_toolchain/AtollicTrueStudio/ARMTools/bin/../lib/gcc/arm-atollic-eabi/6.3.1/../../../../arm-atollic-eabi/lib/armv7e-m/fpu/libc_nano.a(lib_a-nano-vfprintf.o)
                0x0000000008014918                _vfiprintf_r
                0x0000000008014918                _vfprintf_r
 .text._printf_common
                0x0000000008014b44       0xec /opt/stm32_toolchain/AtollicTrueStudio/ARMTools/bin/../lib/gcc/arm-atollic-eabi/6.3.1/../../../../arm-atollic-eabi/lib/armv7e-m/fpu/libc_nano.a(lib_a-nano-vfprintf_i.o)
                0x0000000008014b44                _printf_common
 .text._printf_i
                0x0000000008014c30      0x240 /opt/stm32_toolchain/AtollicTrueStudio/ARMTools/bin/../lib/gcc/arm-atollic-eabi/6.3.1/../../../../arm-atollic-eabi/lib/armv7e-m/fpu/libc_nano.a(lib_a-nano-vfprintf_i.o)
                0x0000000008014c30                _printf_i
 .text._sbrk_r  0x0000000008014e70       0x20 /opt/stm32_toolchain/AtollicTrueStudio/ARMTools/bin/../lib/gcc/arm-atollic-eabi/6.3.1/../../../../arm-atollic-eabi/lib/armv7e-m/fpu/libc_nano.a(lib_a-sbrkr.o)
                0x0000000008014e70                _sbrk_r
 .text.__sread  0x0000000008014e90       0x22 /opt/stm32_toolchain/AtollicTrueStudio/ARMTools/bin/../lib/gcc/arm-atollic-eabi/6.3.1/../../../../arm-atollic-eabi/lib/armv7e-m/fpu/libc_nano.a(lib_a-stdio.o)
                0x0000000008014e90                __sread
 .text.__swrite
                0x0000000008014eb2       0x38 /opt/stm32_toolchain/AtollicTrueStudio/ARMTools/bin/../lib/gcc/arm-atollic-eabi/6.3.1/../../../../arm-atollic-eabi/lib/armv7e-m/fpu/libc_nano.a(lib_a-stdio.o)
                0x0000000008014eb2                __swrite
 .text.__sseek  0x0000000008014eea       0x24 /opt/stm32_toolchain/AtollicTrueStudio/ARMTools/bin/../lib/gcc/arm-atollic-eabi/6.3.1/../../../../arm-atollic-eabi/lib/armv7e-m/fpu/libc_nano.a(lib_a-stdio.o)
                0x0000000008014eea                __sseek
 .text.__sclose
                0x0000000008014f0e        0x8 /opt/stm32_toolchain/AtollicTrueStudio/ARMTools/bin/../lib/gcc/arm-atollic-eabi/6.3.1/../../../../arm-atollic-eabi/lib/armv7e-m/fpu/libc_nano.a(lib_a-stdio.o)